Godot Engine v4.7.2.stable.mono.official.ed1daf0bf - https://godotengine.org

MAIN_GROUND_IDENTITY build_sha256=8128b8005bdf27002d44c4347a30b70e6b3bbdad5a5900c518d0735a14b9649b loaded_mvid=a370a1ed-cc0b-4e9f-b5e2-e2513d99d330 CLR=10.0.12 display=headless
[Yudian] fixture=s_small seed=20261004 facilities=0 robots=0 benchmark=False
MAIN_GROUND_SYNC authority=0 bound=0 verified=0 assigned_frame=0 query_frame=1 rays=4225
MAIN_GROUND_READY robots=12 facilities=1
DEMO_CHECK PASS entry freezes simulation but allows grounding
DEMO_CHECK PASS all six accepted resource models and glyphs are bundled
MAIN_GROUND_SYNC authority=19 bound=19 verified=19 assigned_frame=91 query_frame=92 rays=4225
PLAYER_LOAD_READY version=19 stage= paused=True time=2595.700000000269
DEMO_CHECK PASS continue leaves entry only after successful load and preserves pause
DEMO_CHECK PASS glyphs and carriers follow actual nonempty supported cargo
DEMO_CHECK PASS carrier uses actual socket and empty cargo hides attachment
DEMO_CHECK PASS batch resources stay outside replaceable facility roots
DEMO_CHECK PASS resource views survive rebuilding facility roots
DEMO_CHECK PASS read model does not mutate authoritative facts
DEMO_CHECK PASS real clearance fixture exercises active construction
DEMO_CHECK PASS paused cancellation reaches current construction
MAIN_GROUND_PAUSED MAIN_GROUND_CHECK paused retry replaces old cancellation or timeout reason
MAIN_GROUND_PAUSED MAIN_GROUND_CHECK paused retry replaces old cancellation or timeout reason
MAIN_GROUND_PAUSED MAIN_GROUND_CHECK paused retry replaces old cancellation or timeout reason
MAIN_GROUND_PAUSED MAIN_GROUND_CHECK paused retry replaces old cancellation or timeout reason
MAIN_GROUND_PAUSED MAIN_GROUND_CHECK paused retry replaces old cancellation or timeout reason
MAIN_GROUND_PAUSED MAIN_GROUND_CHECK paused retry replaces old cancellation or timeout reason
MAIN_GROUND_PAUSED MAIN_GROUND_CHECK paused retry replaces old cancellation or timeout reason
MAIN_GROUND_PAUSED MAIN_GROUND_CHECK paused retry replaces old cancellation or timeout reason
MAIN_GROUND_PAUSED MAIN_GROUND_CHECK paused retry replaces old cancellation or timeout reason
MAIN_GROUND_PAUSED MAIN_GROUND_CHECK paused retry replaces old cancellation or timeout reason
MAIN_GROUND_PAUSED MAIN_GROUND_CHECK paused retry replaces old cancellation or timeout reason
MAIN_GROUND_PAUSED MAIN_GROUND_CHECK paused retry replaces old cancellation or timeout reason
MAIN_GROUND_PAUSED MAIN_GROUND_CHECK paused retry replaces old cancellation or timeout reason
MAIN_GROUND_PAUSED MAIN_GROUND_CHECK paused retry replaces old cancellation or timeout reason
MAIN_GROUND_PAUSED MAIN_GROUND_CHECK paused retry replaces old cancellation or timeout reason
MAIN_GROUND_PAUSED MAIN_GROUND_CHECK paused retry replaces old cancellation or timeout reason
MAIN_GROUND_PAUSED MAIN_GROUND_CHECK paused retry replaces old cancellation or timeout reason
MAIN_GROUND_PAUSED MAIN_GROUND_CHECK paused retry replaces old cancellation or timeout reason
MAIN_GROUND_PAUSED MAIN_GROUND_CHECK paused retry replaces old cancellation or timeout reason
MAIN_GROUND_PAUSED MAIN_GROUND_CHECK paused retry replaces old cancellation or timeout reason
MAIN_GROUND_PAUSED MAIN_GROUND_CHECK paused retry replaces old cancellation or timeout reason
MAIN_GROUND_PAUSED MAIN_GROUND_CHECK paused retry replaces old cancellation or timeout reason
MAIN_GROUND_PAUSED MAIN_GROUND_CHECK paused retry replaces old cancellation or timeout reason
MAIN_GROUND_PAUSED MAIN_GROUND_CHECK paused retry replaces old cancellation or timeout reason
MAIN_GROUND_PAUSED MAIN_GROUND_CHECK paused retry replaces old cancellation or timeout reason
MAIN_GROUND_PAUSED MAIN_GROUND_CHECK paused retry replaces old cancellation or timeout reason
MAIN_GROUND_PAUSED MAIN_GROUND_CHECK paused retry replaces old cancellation or timeout reason
MAIN_GROUND_PAUSED MAIN_GROUND_CHECK paused retry replaces old cancellation or timeout reason
MAIN_GROUND_PAUSED MAIN_GROUND_CHECK paused retry replaces old cancellation or timeout reason
MAIN_GROUND_PAUSED MAIN_GROUND_CHECK paused retry replaces old cancellation or timeout reason
MAIN_GROUND_PAUSED MAIN_GROUND_CHECK paused retry replaces old cancellation or timeout reason
MAIN_GROUND_PAUSED MAIN_GROUND_CHECK paused retry replaces old cancellation or timeout reason
MAIN_GROUND_PAUSED MAIN_GROUND_CHECK paused retry replaces old cancellation or timeout reason
MAIN_GROUND_PAUSED MAIN_GROUND_CHECK paused retry replaces old cancellation or timeout reason
MAIN_GROUND_PAUSED MAIN_GROUND_CHECK paused retry replaces old cancellation or timeout reason
MAIN_GROUND_PAUSED MAIN_GROUND_CHECK paused retry replaces old cancellation or timeout reason
MAIN_GROUND_PAUSED MAIN_GROUND_CHECK paused retry replaces old cancellation or timeout reason
MAIN_GROUND_PAUSED MAIN_GROUND_CHECK paused retry replaces old cancellation or timeout reason
MAIN_GROUND_PAUSED MAIN_GROUND_CHECK paused retry replaces old cancellation or timeout reason
MAIN_GROUND_PAUSED MAIN_GROUND_CHECK paused retry replaces old cancellation or timeout reason
MAIN_GROUND_PAUSED MAIN_GROUND_CHECK paused retry replaces old cancellation or timeout reason
MAIN_GROUND_PAUSED MAIN_GROUND_CHECK paused retry replaces old cancellation or timeout reason
MAIN_GROUND_PAUSED MAIN_GROUND_CHECK paused retry replaces old cancellation or timeout reason
MAIN_GROUND_PAUSED MAIN_GROUND_CHECK paused retry replaces old cancellation or timeout reason
MAIN_GROUND_PAUSED MAIN_GROUND_CHECK paused retry replaces old cancellation or timeout reason
MAIN_GROUND_PAUSED MAIN_GROUND_CHECK paused retry replaces old cancellation or timeout reason
MAIN_GROUND_PAUSED MAIN_GROUND_CHECK paused retry replaces old cancellation or timeout reason
MAIN_GROUND_PAUSED MAIN_GROUND_CHECK paused retry replaces old cancellation or timeout reason
MAIN_GROUND_PAUSED MAIN_GROUND_CHECK paused retry replaces old cancellation or timeout reason
MAIN_GROUND_PAUSED MAIN_GROUND_CHECK paused retry replaces old cancellation or timeout reason
MAIN_GROUND_PAUSED MAIN_GROUND_CHECK paused retry replaces old cancellation or timeout reason
MAIN_GROUND_PAUSED MAIN_GROUND_CHECK paused retry replaces old cancellation or timeout reason
MAIN_GROUND_PAUSED MAIN_GROUND_CHECK paused retry replaces old cancellation or timeout reason
MAIN_GROUND_PAUSED MAIN_GROUND_CHECK paused retry replaces old cancellation or timeout reason
MAIN_GROUND_PAUSED MAIN_GROUND_CHECK paused retry replaces old cancellation or timeout reason
MAIN_GROUND_PAUSED MAIN_GROUND_CHECK paused retry replaces old cancellation or timeout reason
MAIN_GROUND_PAUSED MAIN_GROUND_CHECK paused retry replaces old cancellation or timeout reason
MAIN_GROUND_PAUSED MAIN_GROUND_CHECK paused retry replaces old cancellation or timeout reason
MAIN_GROUND_PAUSED MAIN_GROUND_CHECK paused retry replaces old cancellation or timeout reason
MAIN_GROUND_PAUSED MAIN_GROUND_CHECK paused retry replaces old cancellation or timeout reason
MAIN_GROUND_PAUSED MAIN_GROUND_CHECK paused retry replaces old cancellation or timeout reason
MAIN_GROUND_PAUSED MAIN_GROUND_CHECK paused retry replaces old cancellation or timeout reason
MAIN_GROUND_PAUSED MAIN_GROUND_CHECK paused retry replaces old cancellation or timeout reason
MAIN_GROUND_PAUSED MAIN_GROUND_CHECK paused retry replaces old cancellation or timeout reason
MAIN_GROUND_PAUSED MAIN_GROUND_CHECK paused retry replaces old cancellation or timeout reason
MAIN_GROUND_PAUSED MAIN_GROUND_CHECK paused retry replaces old cancellation or timeout reason
MAIN_GROUND_PAUSED MAIN_GROUND_CHECK paused retry replaces old cancellation or timeout reason
MAIN_GROUND_PAUSED MAIN_GROUND_CHECK paused retry replaces old cancellation or timeout reason
MAIN_GROUND_PAUSED MAIN_GROUND_CHECK paused retry replaces old cancellation or timeout reason
MAIN_GROUND_PAUSED MAIN_GROUND_CHECK paused retry replaces old cancellation or timeout reason
MAIN_GROUND_PAUSED MAIN_GROUND_CHECK paused retry replaces old cancellation or timeout reason
MAIN_GROUND_PAUSED MAIN_GROUND_CHECK paused retry replaces old cancellation or timeout reason
MAIN_GROUND_PAUSED MAIN_GROUND_CHECK paused retry replaces old cancellation or timeout reason
MAIN_GROUND_PAUSED MAIN_GROUND_CHECK paused retry replaces old cancellation or timeout reason
MAIN_GROUND_PAUSED MAIN_GROUND_CHECK paused retry replaces old cancellation or timeout reason
MAIN_GROUND_PAUSED MAIN_GROUND_CHECK paused retry replaces old cancellation or timeout reason
MAIN_GROUND_PAUSED MAIN_GROUND_CHECK paused retry replaces old cancellation or timeout reason
MAIN_GROUND_PAUSED MAIN_GROUND_CHECK paused retry replaces old cancellation or timeout reason
MAIN_GROUND_PAUSED MAIN_GROUND_CHECK paused retry replaces old cancellation or timeout reason
MAIN_GROUND_PAUSED MAIN_GROUND_CHECK paused retry replaces old cancellation or timeout reason
MAIN_GROUND_PAUSED MAIN_GROUND_CHECK paused retry replaces old cancellation or timeout reason
MAIN_GROUND_PAUSED MAIN_GROUND_CHECK paused retry replaces old cancellation or timeout reason
MAIN_GROUND_PAUSED MAIN_GROUND_CHECK paused retry replaces old cancellation or timeout reason
MAIN_GROUND_PAUSED MAIN_GROUND_CHECK paused retry replaces old cancellation or timeout reason
MAIN_GROUND_PAUSED MAIN_GROUND_CHECK paused retry replaces old cancellation or timeout reason
MAIN_GROUND_PAUSED MAIN_GROUND_CHECK paused retry replaces old cancellation or timeout reason
MAIN_GROUND_PAUSED MAIN_GROUND_CHECK paused retry replaces old cancellation or timeout reason
MAIN_GROUND_PAUSED MAIN_GROUND_CHECK paused retry replaces old cancellation or timeout reason
MAIN_GROUND_PAUSED MAIN_GROUND_CHECK paused retry replaces old cancellation or timeout reason
MAIN_GROUND_PAUSED MAIN_GROUND_CHECK paused retry replaces old cancellation or timeout reason
MAIN_GROUND_PAUSED MAIN_GROUND_CHECK paused retry replaces old cancellation or timeout reason
MAIN_GROUND_PAUSED MAIN_GROUND_CHECK paused retry replaces old cancellation or timeout reason
MAIN_GROUND_PAUSED MAIN_GROUND_CHECK paused retry replaces old cancellation or timeout reason
MAIN_GROUND_PAUSED MAIN_GROUND_CHECK paused retry replaces old cancellation or timeout reason
MAIN_GROUND_PAUSED MAIN_GROUND_CHECK paused retry replaces old cancellation or timeout reason
MAIN_GROUND_PAUSED MAIN_GROUND_CHECK paused retry replaces old cancellation or timeout reason
MAIN_GROUND_PAUSED MAIN_GROUND_CHECK paused retry replaces old cancellation or timeout reason
MAIN_GROUND_PAUSED MAIN_GROUND_CHECK paused retry replaces old cancellation or timeout reason
MAIN_GROUND_PAUSED MAIN_GROUND_CHECK paused retry replaces old cancellation or timeout reason
MAIN_GROUND_PAUSED MAIN_GROUND_CHECK paused retry replaces old cancellation or timeout reason
MAIN_GROUND_PAUSED MAIN_GROUND_CHECK paused retry replaces old cancellation or timeout reason
MAIN_GROUND_PAUSED MAIN_GROUND_CHECK paused retry replaces old cancellation or timeout reason
[excerpt ends: 58604 original lines; complete original retained at private test location, manual stop exit130]
