Godot Engine v4.7.2.stable.mono.official.ed1daf0bf - https://godotengine.org

MAIN_GROUND_IDENTITY build_sha256=fbb97a76e1e05fa929e0b0ad2c79807ac8ce7f14cb4feb6f39204c6894b3f759 loaded_mvid=b6e315fb-5886-4330-92f1-62e11a6285ac CLR=10.0.12 display=headless
[Yudian] fixture=s_small seed=20261004 facilities=0 robots=0 benchmark=False
MAIN_GROUND_SYNC authority=0 bound=0 verified=0 assigned_frame=0 query_frame=1 rays=4225
MAIN_GROUND_READY robots=12 facilities=1
MAIN_GROUND_SYNC authority=5 bound=5 verified=5 assigned_frame=7 query_frame=8 rays=4225
PLAYER_LOAD_READY version=5 stage= paused=False time=670.7666666666389
BOOTSTRAP_TEST CROSS_PROCESS_SERVICE_RESTORED
BOOTSTRAP_TEST_PROGRESS step=15 stage=Building time=736.2 cargo=0 reason=保障中，原工程、载荷与进度保留
MAIN_GROUND_COMMIT authority=6 bound=6 paused=True
MAIN_GROUND_SYNC authority=6 bound=6 verified=6 assigned_frame=616 query_frame=617 rays=79
BOOTSTRAP_TEST_PROGRESS step=13 stage=Pickup time=802.9 cargo=0 reason=驮运前往着陆器取货
BOOTSTRAP_TEST_PROGRESS step=14 stage=Building time=869.6 cargo=0 reason=保障中，原工程、载荷与进度保留
PLAYER_SAVE_OK version=6 stage= time=877.1666666666272
BOOTSTRAP_TEST_PROGRESS step=15 stage=Building time=936.2 cargo=0 reason=保障中，原工程、载荷与进度保留
PLAYER_SAVE_OK version=6 stage= time=940.6333333332902
MAIN_GROUND_SYNC authority=6 bound=6 verified=6 assigned_frame=2035 query_frame=2036 rays=4225
PLAYER_LOAD_READY version=6 stage= paused=True time=940.6333333332902
PLAYER_SAVE_OK version=6 stage= time=941.0333333332902
PLAYER_SAVE_OK version=6 stage= time=941.0333333332902
MAIN_GROUND_SYNC authority=6 bound=6 verified=6 assigned_frame=2043 query_frame=2044 rays=4225
PLAYER_LOAD_READY version=6 stage= paused=True time=941.0333333332902
LEVEL_JOB_START id=level-1 worker=Robot_Zhulei_3 base=6 station=(19.475, 0.3441453, -8) distance=2.068
LEVEL_JOB_ARRIVED id=level-1 seconds=1.467 position=(19.508268, 0.35818383, -8.188686)
PLAYER_SAVE_OK version=6 stage=Working time=987.6999999999542
MAIN_GROUND_SYNC authority=6 bound=6 verified=6 assigned_frame=2398 query_frame=2399 rays=4225
PLAYER_LOAD_READY version=6 stage=Working paused=True time=987.6999999999542
BOOTSTRAP_TEST_PROGRESS step=27 stage= time=1000.9 cargo=0 reason=
MAIN_GROUND_COMMIT authority=7 bound=7 paused=True
LEVEL_JOB_COMMIT id=level-1 status=Committed applied=7 verified=none
MAIN_GROUND_SYNC authority=7 bound=7 verified=7 assigned_frame=2519 query_frame=2520 rays=15
LEVEL_JOB_END id=level-1 stage=Completed base=6 applied=7 current=7 message=整平已提交，物理验证完成
LEVEL_JOB_START id=level-2 worker=Robot_Zhulei_3 base=7 station=(19.475, 0.14529657, -4) distance=3.948
LEVEL_JOB_ARRIVED id=level-2 seconds=2.667 position=(19.481594, 0.15163967, -4.0549774)
BOOTSTRAP_TEST_PROGRESS step=24 stage= time=1067.6 cargo=0 reason=
BOOTSTRAP_TEST_PROGRESS step=24 stage= time=1134.2 cargo=0 reason=
BOOTSTRAP_TEST_PROGRESS step=24 stage= time=1200.9 cargo=0 reason=
LEVEL_JOB_END id=level-2 stage=Cancelled base=7 applied=none current=7 message=已取消；未改造地形
PLAYER_SAVE_OK version=7 stage=Cancelled time=1232.1000000001177
BOOTSTRAP_TEST PASS cycles=2 built=7 levelReturn=true time=1232.1 elapsed=1232.0 source=fbb97a76e1e05fa929e0b0ad2c79807ac8ce7f14cb4feb6f39204c6894b3f759
