16:30:18 | INFO: Data are loaded, start creating Blender stuff
16:30:18 | INFO: Blender create Mesh node Chassis
16:30:18 | INFO: Blender create Mesh node Head
16:30:18 | INFO: Blender create Mesh node Body
16:30:18 | INFO: Blender create Mesh node ProtectedElectronics
16:30:18 | INFO: Blender create Mesh node HoodLid
16:30:18 | INFO: Blender create Mesh node RearLock
16:30:18 | INFO: Blender create Mesh node ChargeCap
16:30:18 | INFO: Blender create Mesh node Rocker_L
16:30:18 | INFO: Blender create Mesh node Bogie_L
16:30:18 | INFO: Blender create Mesh node Wheel_LM
16:30:18 | INFO: Blender create Mesh node Wheel_LR
16:30:18 | INFO: Blender create Mesh node Wheel_LF
16:30:18 | INFO: Blender create Mesh node Rocker_R
16:30:18 | INFO: Blender create Mesh node Bogie_R
16:30:18 | INFO: Blender create Mesh node Wheel_RM
16:30:18 | INFO: Blender create Mesh node Wheel_RR
16:30:18 | INFO: Blender create Mesh node Wheel_RF
16:30:18 | INFO: Blender create Mesh node CargoBox
16:30:18 | INFO: Blender create Mesh node TowRod
16:30:18 | INFO: glTF import finished in 0.02s
Info: Saved as "zhulei-r1.blend"
INFO Draco mesh compression is available, use library at <project-root>/tools-bin/Blender-4.5.14.app/Contents/Resources/4.5/scripts/addons_core/io_scene_gltf2/libextern_draco.dylib
16:30:19 | INFO: Starting glTF 2.0 export
16:30:19 | INFO: Extracting primitive: Cube.001
16:30:19 | INFO: Primitives created: 1
16:30:19 | INFO: Extracting primitive: Cube.032
16:30:19 | INFO: Primitives created: 1
16:30:19 | INFO: Extracting primitive: Cube.031
16:30:19 | INFO: Primitives created: 1
16:30:19 | INFO: Extracting primitive: Cube
16:30:19 | INFO: Primitives created: 1
16:30:19 | INFO: Extracting primitive: Cylinder
16:30:19 | INFO: Primitives created: 1
16:30:19 | INFO: Extracting primitive: Cube.010
16:30:19 | INFO: Primitives created: 1
16:30:19 | INFO: Extracting primitive: Cube.009
16:30:19 | INFO: Primitives created: 1
16:30:19 | INFO: Extracting primitive: Cube.007
16:30:19 | INFO: Primitives created: 1
16:30:19 | INFO: Extracting primitive: Cube.002
16:30:19 | INFO: Primitives created: 1
16:30:19 | INFO: Extracting primitive: Cube.006
16:30:19 | INFO: Primitives created: 1
16:30:19 | INFO: Extracting primitive: Cube.005
16:30:19 | INFO: Primitives created: 1
16:30:19 | INFO: Extracting primitive: Cube.003
16:30:19 | INFO: Primitives created: 1
16:30:19 | INFO: Extracting primitive: Cube.004
16:30:19 | INFO: Primitives created: 1
16:30:19 | INFO: Extracting primitive: Cylinder.002
16:30:19 | INFO: Primitives created: 1
16:30:19 | INFO: Extracting primitive: Cube.012
16:30:19 | INFO: Primitives created: 1
16:30:19 | INFO: Extracting primitive: Cube.013
16:30:19 | INFO: Primitives created: 1
16:30:19 | INFO: Extracting primitive: Cube.014
16:30:19 | INFO: Primitives created: 1
16:30:19 | INFO: Extracting primitive: Cylinder.003
16:30:19 | INFO: Primitives created: 1
16:30:19 | INFO: Extracting primitive: Cylinder.001
16:30:19 | INFO: Primitives created: 1
16:30:19 | INFO: Extracting primitive: Cube.011
16:30:19 | INFO: Primitives created: 1
16:30:19 | INFO: Extracting primitive: Cube.008
16:30:19 | INFO: Primitives created: 1
16:30:19 | INFO: Extracting primitive: Cube.015
16:30:19 | INFO: Primitives created: 1
16:30:19 | INFO: Extracting primitive: Cube.023
16:30:19 | INFO: Primitives created: 1
16:30:19 | INFO: Extracting primitive: Cube.020
16:30:19 | INFO: Primitives created: 1
16:30:19 | INFO: Extracting primitive: Cube.018
16:30:19 | INFO: Primitives created: 1
16:30:19 | INFO: Extracting primitive: Cube.016
16:30:19 | INFO: Primitives created: 1
16:30:19 | INFO: Extracting primitive: Cube.019
16:30:19 | INFO: Primitives created: 1
16:30:19 | INFO: Extracting primitive: Cube.017
16:30:19 | INFO: Primitives created: 1
16:30:19 | INFO: Extracting primitive: Cube.028
16:30:19 | INFO: Primitives created: 1
16:30:19 | INFO: Extracting primitive: Cube.026
16:30:19 | INFO: Primitives created: 1
16:30:19 | INFO: Extracting primitive: Cube.024
16:30:19 | INFO: Primitives created: 1
16:30:19 | INFO: Extracting primitive: Cube.027
16:30:19 | INFO: Primitives created: 1
16:30:19 | INFO: Extracting primitive: Cube.025
16:30:19 | INFO: Primitives created: 1
16:30:19 | INFO: Extracting primitive: Cube.022
16:30:19 | INFO: Primitives created: 1
16:30:19 | INFO: Extracting primitive: Cube.021
16:30:19 | INFO: Primitives created: 1
16:30:19 | INFO: Extracting primitive: Cube.030
16:30:19 | INFO: Primitives created: 1
16:30:19 | INFO: Extracting primitive: Cube.029
16:30:19 | INFO: Primitives created: 1
16:30:19 | INFO: Extracting primitive: Cube.034
16:30:19 | INFO: Primitives created: 1
16:30:19 | INFO: Extracting primitive: Cube.033
16:30:19 | INFO: Primitives created: 1
16:30:19 | INFO: Extracting primitive: Cube.035
16:30:19 | INFO: Primitives created: 1
16:30:19 | INFO: Extracting primitive: Rocker_L
16:30:19 | INFO: Primitives created: 2
16:30:19 | INFO: Extracting primitive: Bogie_L
16:30:19 | INFO: Primitives created: 2
16:30:19 | INFO: Extracting primitive: Wheel_LM
16:30:19 | INFO: Primitives created: 3
16:30:19 | INFO: Extracting primitive: Wheel_LR
16:30:19 | INFO: Primitives created: 3
16:30:19 | INFO: Extracting primitive: Wheel_LF
16:30:19 | INFO: Primitives created: 3
16:30:19 | INFO: Extracting primitive: Rocker_R
16:30:19 | INFO: Primitives created: 2
16:30:19 | INFO: Extracting primitive: Bogie_R
16:30:19 | INFO: Primitives created: 2
16:30:19 | INFO: Extracting primitive: Wheel_RM
16:30:19 | INFO: Primitives created: 3
16:30:19 | INFO: Extracting primitive: Wheel_RR
16:30:19 | INFO: Primitives created: 3
16:30:19 | INFO: Extracting primitive: Wheel_RF
16:30:19 | INFO: Primitives created: 3
16:30:19 | INFO: Finished glTF 2.0 export in 0.03980422019958496 s

16:30:19 | INFO: Starting glTF 2.0 export
16:30:19 | INFO: Extracting primitive: Cube.001
16:30:19 | INFO: Primitives created: 1
16:30:19 | INFO: Extracting primitive: Cube.032
16:30:19 | INFO: Primitives created: 1
16:30:19 | INFO: Extracting primitive: Cube.031
16:30:19 | INFO: Primitives created: 1
16:30:19 | INFO: Extracting primitive: Cube
16:30:19 | INFO: Primitives created: 1
16:30:19 | INFO: Extracting primitive: Cylinder
16:30:19 | INFO: Primitives created: 1
16:30:19 | INFO: Extracting primitive: Cube.010
16:30:19 | INFO: Primitives created: 1
16:30:19 | INFO: Extracting primitive: Cube.009
16:30:19 | INFO: Primitives created: 1
16:30:19 | INFO: Extracting primitive: Cube.007
16:30:19 | INFO: Primitives created: 1
16:30:19 | INFO: Extracting primitive: Cube.002
16:30:19 | INFO: Primitives created: 1
16:30:19 | INFO: Extracting primitive: Cube.006
16:30:19 | INFO: Primitives created: 1
16:30:19 | INFO: Extracting primitive: Cube.005
16:30:19 | INFO: Primitives created: 1
16:30:19 | INFO: Extracting primitive: Cube.003
16:30:19 | INFO: Primitives created: 1
16:30:19 | INFO: Extracting primitive: Cube.004
16:30:19 | INFO: Primitives created: 1
16:30:19 | INFO: Extracting primitive: Cylinder.002
16:30:19 | INFO: Primitives created: 1
16:30:19 | INFO: Extracting primitive: Cube.012
16:30:19 | INFO: Primitives created: 1
16:30:19 | INFO: Extracting primitive: Cube.013
16:30:19 | INFO: Primitives created: 1
16:30:19 | INFO: Extracting primitive: Cube.014
16:30:19 | INFO: Primitives created: 1
16:30:19 | INFO: Extracting primitive: Cylinder.003
16:30:19 | INFO: Primitives created: 1
16:30:19 | INFO: Extracting primitive: Cylinder.001
16:30:19 | INFO: Primitives created: 1
16:30:19 | INFO: Extracting primitive: Cube.011
16:30:19 | INFO: Primitives created: 1
16:30:19 | INFO: Extracting primitive: Cube.008
16:30:19 | INFO: Primitives created: 1
16:30:19 | INFO: Extracting primitive: Cube.015
16:30:19 | INFO: Primitives created: 1
16:30:19 | INFO: Extracting primitive: Cube.023
16:30:19 | INFO: Primitives created: 1
16:30:19 | INFO: Extracting primitive: Cube.020
16:30:19 | INFO: Primitives created: 1
16:30:19 | INFO: Extracting primitive: Cube.018
16:30:19 | INFO: Primitives created: 1
16:30:19 | INFO: Extracting primitive: Cube.016
16:30:19 | INFO: Primitives created: 1
16:30:19 | INFO: Extracting primitive: Cube.019
16:30:19 | INFO: Primitives created: 1
16:30:19 | INFO: Extracting primitive: Cube.017
16:30:19 | INFO: Primitives created: 1
16:30:19 | INFO: Extracting primitive: Cube.028
16:30:19 | INFO: Primitives created: 1
16:30:19 | INFO: Extracting primitive: Cube.026
16:30:19 | INFO: Primitives created: 1
16:30:19 | INFO: Extracting primitive: Cube.024
16:30:19 | INFO: Primitives created: 1
16:30:19 | INFO: Extracting primitive: Cube.027
16:30:19 | INFO: Primitives created: 1
16:30:19 | INFO: Extracting primitive: Cube.025
16:30:19 | INFO: Primitives created: 1
16:30:19 | INFO: Extracting primitive: Cube.022
16:30:19 | INFO: Primitives created: 1
16:30:19 | INFO: Extracting primitive: Cube.021
16:30:19 | INFO: Primitives created: 1
16:30:19 | INFO: Extracting primitive: Cube.030
16:30:19 | INFO: Primitives created: 1
16:30:19 | INFO: Extracting primitive: Cube.029
16:30:19 | INFO: Primitives created: 1
16:30:19 | INFO: Extracting primitive: Cube.034
16:30:19 | INFO: Primitives created: 1
16:30:19 | INFO: Extracting primitive: Cube.033
16:30:19 | INFO: Primitives created: 1
16:30:19 | INFO: Extracting primitive: Cube.035
16:30:19 | INFO: Primitives created: 1
16:30:19 | INFO: Extracting primitive: Rocker_L
16:30:19 | INFO: Primitives created: 2
16:30:19 | INFO: Extracting primitive: Bogie_L
16:30:19 | INFO: Primitives created: 2
16:30:19 | INFO: Extracting primitive: Wheel_LM
16:30:19 | INFO: Primitives created: 3
16:30:19 | INFO: Extracting primitive: Wheel_LR
16:30:19 | INFO: Primitives created: 3
16:30:19 | INFO: Extracting primitive: Wheel_LF
16:30:19 | INFO: Primitives created: 3
16:30:19 | INFO: Extracting primitive: Rocker_R
16:30:19 | INFO: Primitives created: 2
16:30:19 | INFO: Extracting primitive: Bogie_R
16:30:19 | INFO: Primitives created: 2
16:30:19 | INFO: Extracting primitive: Wheel_RM
16:30:19 | INFO: Primitives created: 3
16:30:19 | INFO: Extracting primitive: Wheel_RR
16:30:19 | INFO: Primitives created: 3
16:30:19 | INFO: Extracting primitive: Wheel_RF
16:30:19 | INFO: Primitives created: 3
16:30:19 | INFO: Finished glTF 2.0 export in 0.03790712356567383 s

16:30:19 | INFO: Starting glTF 2.0 export
16:30:19 | INFO: Extracting primitive: Cube.001
16:30:19 | INFO: Primitives created: 1
16:30:19 | INFO: Extracting primitive: Cube.032
16:30:19 | INFO: Primitives created: 1
16:30:19 | INFO: Extracting primitive: Cube.031
16:30:19 | INFO: Primitives created: 1
16:30:19 | INFO: Extracting primitive: Cube
16:30:19 | INFO: Primitives created: 1
16:30:19 | INFO: Extracting primitive: Cylinder
16:30:19 | INFO: Primitives created: 1
16:30:19 | INFO: Extracting primitive: Cube.010
16:30:19 | INFO: Primitives created: 1
16:30:19 | INFO: Extracting primitive: Cube.009
16:30:19 | INFO: Primitives created: 1
16:30:19 | INFO: Extracting primitive: Cube.007
16:30:19 | INFO: Primitives created: 1
16:30:19 | INFO: Extracting primitive: Cube.002
16:30:19 | INFO: Primitives created: 1
16:30:19 | INFO: Extracting primitive: Cube.006
16:30:19 | INFO: Primitives created: 1
16:30:19 | INFO: Extracting primitive: Cube.005
16:30:19 | INFO: Primitives created: 1
16:30:19 | INFO: Extracting primitive: Cube.003
16:30:19 | INFO: Primitives created: 1
16:30:19 | INFO: Extracting primitive: Cube.004
16:30:19 | INFO: Primitives created: 1
16:30:19 | INFO: Extracting primitive: Cylinder.002
16:30:19 | INFO: Primitives created: 1
16:30:19 | INFO: Extracting primitive: Cube.012
16:30:19 | INFO: Primitives created: 1
16:30:19 | INFO: Extracting primitive: Cube.013
16:30:19 | INFO: Primitives created: 1
16:30:19 | INFO: Extracting primitive: Cube.014
16:30:19 | INFO: Primitives created: 1
16:30:19 | INFO: Extracting primitive: Cylinder.003
16:30:19 | INFO: Primitives created: 1
16:30:19 | INFO: Extracting primitive: Cylinder.001
16:30:19 | INFO: Primitives created: 1
16:30:19 | INFO: Extracting primitive: Cube.011
16:30:19 | INFO: Primitives created: 1
16:30:19 | INFO: Extracting primitive: Cube.008
16:30:19 | INFO: Primitives created: 1
16:30:19 | INFO: Extracting primitive: Cube.015
16:30:19 | INFO: Primitives created: 1
16:30:19 | INFO: Extracting primitive: Cube.023
16:30:19 | INFO: Primitives created: 1
16:30:19 | INFO: Extracting primitive: Cube.020
16:30:19 | INFO: Primitives created: 1
16:30:19 | INFO: Extracting primitive: Cube.018
16:30:19 | INFO: Primitives created: 1
16:30:19 | INFO: Extracting primitive: Cube.016
16:30:19 | INFO: Primitives created: 1
16:30:19 | INFO: Extracting primitive: Cube.019
16:30:19 | INFO: Primitives created: 1
16:30:19 | INFO: Extracting primitive: Cube.017
16:30:19 | INFO: Primitives created: 1
16:30:19 | INFO: Extracting primitive: Cube.028
16:30:19 | INFO: Primitives created: 1
16:30:19 | INFO: Extracting primitive: Cube.026
16:30:19 | INFO: Primitives created: 1
16:30:19 | INFO: Extracting primitive: Cube.024
16:30:19 | INFO: Primitives created: 1
16:30:19 | INFO: Extracting primitive: Cube.027
16:30:19 | INFO: Primitives created: 1
16:30:19 | INFO: Extracting primitive: Cube.025
16:30:19 | INFO: Primitives created: 1
16:30:19 | INFO: Extracting primitive: Cube.022
16:30:19 | INFO: Primitives created: 1
16:30:19 | INFO: Extracting primitive: Cube.021
16:30:19 | INFO: Primitives created: 1
16:30:19 | INFO: Extracting primitive: Cube.030
16:30:19 | INFO: Primitives created: 1
16:30:19 | INFO: Extracting primitive: Cube.029
16:30:19 | INFO: Primitives created: 1
16:30:19 | INFO: Extracting primitive: Cube.034
16:30:19 | INFO: Primitives created: 1
16:30:19 | INFO: Extracting primitive: Cube.033
16:30:19 | INFO: Primitives created: 1
16:30:19 | INFO: Extracting primitive: Cube.035
16:30:19 | INFO: Primitives created: 1
16:30:19 | INFO: Extracting primitive: Rocker_L
16:30:19 | INFO: Primitives created: 2
16:30:19 | INFO: Extracting primitive: Bogie_L
16:30:19 | INFO: Primitives created: 2
16:30:19 | INFO: Extracting primitive: Wheel_LM
16:30:19 | INFO: Primitives created: 3
16:30:19 | INFO: Extracting primitive: Wheel_LR
16:30:19 | INFO: Primitives created: 3
16:30:19 | INFO: Extracting primitive: Wheel_LF
16:30:19 | INFO: Primitives created: 3
16:30:19 | INFO: Extracting primitive: Rocker_R
16:30:19 | INFO: Primitives created: 2
16:30:19 | INFO: Extracting primitive: Bogie_R
16:30:19 | INFO: Primitives created: 2
16:30:19 | INFO: Extracting primitive: Wheel_RM
16:30:19 | INFO: Primitives created: 3
16:30:19 | INFO: Extracting primitive: Wheel_RR
16:30:19 | INFO: Primitives created: 3
16:30:19 | INFO: Extracting primitive: Wheel_RF
16:30:19 | INFO: Primitives created: 3
16:30:19 | INFO: Finished glTF 2.0 export in 0.03736400604248047 s

CHECK_SUITE {"missing_input": "PASS", "missing_wheel_nodes": "PASS", "unknown_role": "PASS", "non_finite": "PASS", "empty_output": "PASS"}
ZHULEI_GEO_BUILT 8416 triangles 0.399 seconds
Blender 4.5.14 LTS (hash 62c1db4208e8 built 2026-09-15 01:30:44)

Blender quit
