03:08:33 | INFO: Data are loaded, start creating Blender stuff
03:08:33 | INFO: Blender create Mesh node iron_ore
03:08:33 | INFO: glTF import finished in 0.00s
03:08:33 | INFO: Data are loaded, start creating Blender stuff
03:08:33 | INFO: Blender create Mesh node iron
03:08:33 | INFO: glTF import finished in 0.00s
03:08:33 | INFO: Data are loaded, start creating Blender stuff
03:08:33 | INFO: Blender create Mesh node copper_ore
03:08:33 | INFO: glTF import finished in 0.00s
03:08:33 | INFO: Data are loaded, start creating Blender stuff
03:08:33 | INFO: Blender create Mesh node copper
03:08:33 | INFO: glTF import finished in 0.00s
03:08:33 | INFO: Data are loaded, start creating Blender stuff
03:08:33 | INFO: Blender create Mesh node parts
03:08:33 | INFO: glTF import finished in 0.00s
03:08:33 | INFO: Data are loaded, start creating Blender stuff
03:08:33 | INFO: Blender create Mesh node cable
03:08:33 | INFO: glTF import finished in 0.00s
PASS glb {'iron_ore': 64, 'iron': 188, 'copper_ore': 48, 'copper': 124, 'parts': 412, 'cable': 460}
Blender 5.2.2 LTS (hash d13f752e3b9c built 2026-09-15 01:49:19)

Blender quit
