ERROR: Failed to open 'user://logs/godot2026-10-07T16.11.11.log'.
   at: copy (core/io/dir_access.cpp:429)
ERROR: Failed to open log file for writing: user://logs/godot.log
   at: rotate_file (core/io/logger.cpp:169)
Godot Engine v4.7.2.stable.mono.official.ed1daf0bf - https://godotengine.org

MAIN_GROUND_IDENTITY build_sha256=8627a3608be32bf79a5bbe6c989158c9b33e53048c357a15e51c2a105a779ccb loaded_mvid=d1b85c2b-2774-42f0-9dae-f2d337e9b483 CLR=8.0.31 display=headless
[Yudian] fixture=s_small seed=20261004 facilities=0 robots=0 benchmark=False
MAIN_GROUND_SYNC authority=0 bound=0 verified=0 assigned_frame=0 query_frame=1 rays=4225
MAIN_GROUND_READY robots=12 facilities=1
MAIN_GROUND_SYNC authority=1 bound=1 verified=1 assigned_frame=7 query_frame=8 rays=4225
PLAYER_LOAD_READY version=1 stage= paused=True time=34.49999999999992
BOOTSTRAP_TEST CROSS_PROCESS_RESTORED
BOOTSTRAP_TEST_PROGRESS step=7 stage=Levelling time=99.8 cargo=0 reason=筑垒前往整平施工站
MAIN_GROUND_COMMIT authority=2 bound=2 paused=True
MAIN_GROUND_SYNC authority=2 bound=2 verified=2 assigned_frame=501 query_frame=502 rays=28
BOOTSTRAP_TEST_PROGRESS step=8 stage=Delivering time=166.5 cargo=4 reason=已真实取货，驮运载货前往工地
MAIN_GROUND_COMMIT authority=3 bound=3 paused=True
MAIN_GROUND_SYNC authority=3 bound=3 verified=3 assigned_frame=1302 query_frame=1303 rays=46
BOOTSTRAP_TEST_PROGRESS step=9 stage=Delivering time=233.2 cargo=7 reason=已真实取货，驮运载货前往工地
BOOTSTRAP_TEST_PROGRESS step=10 stage=Delivering time=299.8 cargo=4 reason=保障中，原工程、载荷与进度保留
MAIN_GROUND_COMMIT authority=4 bound=4 paused=True
MAIN_GROUND_SYNC authority=4 bound=4 verified=4 assigned_frame=2331 query_frame=2332 rays=56
BOOTSTRAP_TEST_PROGRESS step=11 stage=Pickup time=366.5 cargo=0 reason=驮运前往着陆器取货
BOOTSTRAP_TEST_PROGRESS step=11 stage=Delivering time=433.2 cargo=3 reason=已真实取货，驮运载货前往工地
BOOTSTRAP_TEST_PROGRESS step=12 stage=Pickup time=499.8 cargo=0 reason=驮运前往着陆器取货
PLAYER_SAVE_OK version=4 stage= time=505.8333333333149
MAIN_GROUND_COMMIT authority=5 bound=5 paused=True
MAIN_GROUND_SYNC authority=5 bound=5 verified=5 assigned_frame=3636 query_frame=3637 rays=81
BOOTSTRAP_TEST_PROGRESS step=13 stage=Delivering time=566.5 cargo=1 reason=保障中，原工程、载荷与进度保留
BOOTSTRAP_TEST_PROGRESS step=13 stage=Delivering time=633.2 cargo=1 reason=保障中，原工程、载荷与进度保留
PLAYER_SAVE_OK version=5 stage= time=670.7666666666389
BOOTSTRAP_TEST_PROGRESS step=15 stage=Building time=699.8 cargo=0 reason=保障中，原工程、载荷与进度保留
MAIN_GROUND_COMMIT authority=6 bound=6 paused=True
MAIN_GROUND_SYNC authority=6 bound=6 verified=6 assigned_frame=5385 query_frame=5386 rays=79
BOOTSTRAP_TEST_PROGRESS step=13 stage=Delivering time=766.5 cargo=8 reason=已真实取货，驮运载货前往工地
BOOTSTRAP_TEST_PROGRESS step=13 stage=Pickup time=833.2 cargo=0 reason=驮运前往着陆器取货
PLAYER_SAVE_OK version=6 stage= time=876.4999999999606
BOOTSTRAP_TEST_PROGRESS step=15 stage=Building time=899.8 cargo=0 reason=保障中，原工程、载荷与进度保留
PLAYER_SAVE_OK version=6 stage= time=939.9666666666236
MAIN_GROUND_SYNC authority=6 bound=6 verified=6 assigned_frame=6803 query_frame=6804 rays=4225
PLAYER_LOAD_READY version=6 stage= paused=True time=939.9666666666236
PLAYER_SAVE_OK version=6 stage= time=940.3666666666236
PLAYER_SAVE_OK version=6 stage= time=940.3666666666236
MAIN_GROUND_SYNC authority=6 bound=6 verified=6 assigned_frame=6811 query_frame=6812 rays=4225
PLAYER_LOAD_READY version=6 stage= paused=True time=940.3666666666236
LEVEL_JOB_START id=level-1 worker=Robot_Zhulei_3 base=6 station=(19.475, 0.3441453, -8) distance=2.068
LEVEL_JOB_ARRIVED id=level-1 seconds=1.467 position=(19.508268, 0.35818383, -8.188686)
BOOTSTRAP_TEST_PROGRESS step=24 stage= time=965.2 cargo=0 reason=
BOOTSTRAP_TEST_PROGRESS step=24 stage= time=1031.8 cargo=0 reason=
PLAYER_SAVE_OK version=6 stage=Working time=1062.3666666666493
MAIN_GROUND_SYNC authority=6 bound=6 verified=6 assigned_frame=7730 query_frame=7731 rays=4225
PLAYER_LOAD_READY version=6 stage=Working paused=False time=1062.3666666666493
BOOTSTRAP_TEST_PROGRESS step=24 stage= time=1098.1 cargo=0 reason=
BOOTSTRAP_TEST_PROGRESS step=24 stage= time=1164.8 cargo=0 reason=
BOOTSTRAP_TEST_PROGRESS step=24 stage= time=1231.4 cargo=0 reason=
PLAYER_SAVE_OK version=6 stage=Working time=1232.1000000001177
MAIN_GROUND_SYNC authority=6 bound=6 verified=6 assigned_frame=9007 query_frame=9008 rays=4225
PLAYER_LOAD_READY version=6 stage=Working paused=True time=1232.1000000001177
MAIN_GROUND_COMMIT authority=7 bound=7 paused=True
LEVEL_JOB_COMMIT id=level-1 status=Committed applied=7 verified=none
MAIN_GROUND_SYNC authority=7 bound=7 verified=7 assigned_frame=9128 query_frame=9129 rays=15
LEVEL_JOB_END id=level-1 stage=Completed base=6 applied=7 current=7 message=整平已提交，物理验证完成
LEVEL_JOB_START id=level-2 worker=Robot_Zhulei_3 base=7 station=(19.475, 0.14529657, -4) distance=3.948
LEVEL_JOB_ARRIVED id=level-2 seconds=2.667 position=(19.481623, 0.15164888, -4.055234)
LEVEL_JOB_END id=level-2 stage=Cancelled base=7 applied=none current=7 message=已取消；未改造地形
PLAYER_SAVE_OK version=7 stage=Cancelled time=1294.7666666668342
BOOTSTRAP_TEST PASS cycles=2 built=7 levelReturn=true time=1294.8 elapsed=1294.7 source=8627a3608be32bf79a5bbe6c989158c9b33e53048c357a15e51c2a105a779ccb
