ERROR: Failed to open 'user://logs/godot2026-10-07T16.13.31.log'.
   at: copy (core/io/dir_access.cpp:429)
ERROR: Failed to open log file for writing: user://logs/godot.log
   at: rotate_file (core/io/logger.cpp:169)
Godot Engine v4.7.2.stable.mono.official.ed1daf0bf - https://godotengine.org

MAIN_GROUND_IDENTITY build_sha256=8627a3608be32bf79a5bbe6c989158c9b33e53048c357a15e51c2a105a779ccb loaded_mvid=d1b85c2b-2774-42f0-9dae-f2d337e9b483 CLR=8.0.31 display=headless
[Yudian] fixture=s_small seed=20261004 facilities=0 robots=0 benchmark=False
MAIN_GROUND_SYNC authority=0 bound=0 verified=0 assigned_frame=0 query_frame=1 rays=4225
MAIN_GROUND_READY robots=12 facilities=1
MAIN_GROUND_SYNC authority=5 bound=5 verified=5 assigned_frame=7 query_frame=8 rays=4225
PLAYER_LOAD_READY version=5 stage= paused=True time=690.3666666666378
BOOTSTRAP_TEST CROSS_PROCESS_CHARGE_RESTORED
MAIN_GROUND_COMMIT authority=6 bound=6 paused=True
MAIN_GROUND_SYNC authority=6 bound=6 verified=6 assigned_frame=469 query_frame=470 rays=79
BOOTSTRAP_TEST_PROGRESS step=13 stage=Delivering time=755.7 cargo=8 reason=已真实取货，驮运载货前往工地
BOOTSTRAP_TEST_PROGRESS step=13 stage=Delivering time=822.4 cargo=1 reason=已真实取货，驮运载货前往工地
PLAYER_SAVE_OK version=6 stage= time=877.0333333332939
BOOTSTRAP_TEST_PROGRESS step=15 stage=Building time=889.0 cargo=0 reason=保障中，原工程、载荷与进度保留
PLAYER_SAVE_OK version=6 stage= time=940.4999999999569
MAIN_GROUND_SYNC authority=6 bound=6 verified=6 assigned_frame=1888 query_frame=1889 rays=4225
PLAYER_LOAD_READY version=6 stage= paused=True time=940.4999999999569
PLAYER_SAVE_OK version=6 stage= time=940.8999999999569
PLAYER_SAVE_OK version=6 stage= time=940.8999999999569
MAIN_GROUND_SYNC authority=6 bound=6 verified=6 assigned_frame=1896 query_frame=1897 rays=4225
PLAYER_LOAD_READY version=6 stage= paused=True time=940.8999999999569
LEVEL_JOB_START id=level-1 worker=Robot_Zhulei_3 base=6 station=(19.475, 0.3441453, -8) distance=2.068
LEVEL_JOB_ARRIVED id=level-1 seconds=1.467 position=(19.508268, 0.35818383, -8.188686)
BOOTSTRAP_TEST_PROGRESS step=24 stage= time=954.4 cargo=0 reason=
BOOTSTRAP_TEST_PROGRESS step=24 stage= time=1021.0 cargo=0 reason=
PLAYER_SAVE_OK version=6 stage=Working time=1062.899999999983
MAIN_GROUND_SYNC authority=6 bound=6 verified=6 assigned_frame=2815 query_frame=2816 rays=4225
PLAYER_LOAD_READY version=6 stage=Working paused=False time=1062.899999999983
BOOTSTRAP_TEST_PROGRESS step=24 stage= time=1087.3 cargo=0 reason=
BOOTSTRAP_TEST_PROGRESS step=24 stage= time=1154.0 cargo=0 reason=
BOOTSTRAP_TEST_PROGRESS step=24 stage= time=1220.6 cargo=0 reason=
PLAYER_SAVE_OK version=6 stage=Working time=1232.1000000001177
MAIN_GROUND_SYNC authority=6 bound=6 verified=6 assigned_frame=4088 query_frame=4089 rays=4225
PLAYER_LOAD_READY version=6 stage=Working paused=True time=1232.1000000001177
MAIN_GROUND_COMMIT authority=7 bound=7 paused=True
LEVEL_JOB_COMMIT id=level-1 status=Committed applied=7 verified=none
MAIN_GROUND_SYNC authority=7 bound=7 verified=7 assigned_frame=4209 query_frame=4210 rays=15
LEVEL_JOB_END id=level-1 stage=Completed base=6 applied=7 current=7 message=整平已提交，物理验证完成
LEVEL_JOB_START id=level-2 worker=Robot_Zhulei_3 base=7 station=(19.475, 0.14529657, -4) distance=3.948
LEVEL_JOB_ARRIVED id=level-2 seconds=2.667 position=(19.481623, 0.15164888, -4.055234)
BOOTSTRAP_TEST_PROGRESS step=24 stage= time=1286.6 cargo=0 reason=
LEVEL_JOB_END id=level-2 stage=Cancelled base=7 applied=none current=7 message=已取消；未改造地形
PLAYER_SAVE_OK version=7 stage=Cancelled time=1294.7666666668342
BOOTSTRAP_TEST PASS cycles=2 built=7 levelReturn=true time=1294.8 elapsed=1294.7 source=8627a3608be32bf79a5bbe6c989158c9b33e53048c357a15e51c2a105a779ccb
