Godot Engine v4.7.2.stable.mono.official.ed1daf0bf - https://godotengine.org

wangshan length=2.0 loop=0
Wangshan/Model/SensorYaw type=2 interpolation=1 keys=[[0.0, "(0, -0.300706, 0, 0.953717)"], [0.46666666865349, "(0, -0.020361, 0, 0.999793)"], [0.5, "(0, -0.0, 0, 1)"], [1.03333330154419, "(0, 0.281225, 0, 0.959642)"], [1.46666669845581, "(0, 0.020361, 0, 0.999793)"], [1.5, "(0, 0.0, 0, 1)"], [2.0, "(0, -0.300706, 0, 0.953717)"]]
Wangshan/Model/SensorYaw/SensorPitch type=2 interpolation=1 keys=[[0.0, "(0, 0, 0, 1)"]]
apply 
0.0 SensorYaw pos=(0.0, 1.3, -0.08) rot=(0.0, -35.0, 0.0)
apply 
0.5 SensorYaw pos=(0.0, 1.3, -0.08) rot=(0.0, -0.000003, 0.0)
apply 
1.0 SensorYaw pos=(0.0, 1.3, -0.08) rot=(0.0, 30.625, 0.0)
apply 
1.5 SensorYaw pos=(0.0, 1.3, -0.08) rot=(0.0, 0.000003, 0.0)
apply 
2.0 SensorYaw pos=(0.0, 1.3, -0.08) rot=(0.0, -35.0, 0.0)
repair length=2.0 loop=0
Repair/Model/ToolSlide type=1 interpolation=1 keys=[[0.0, "(1.05, 1.6, -0.35)"], [1.03333330154419, "(0.856667, 1.6, -0.35)"], [2.0, "(1.05, 1.6, -0.35)"]]
apply 
0.0 ToolSlide pos=(1.05, 1.6, -0.35) rot=(0.0, 0.0, 0.0)
apply 
0.5 ToolSlide pos=(0.956452, 1.6, -0.35) rot=(0.0, 0.0, 0.0)
apply 
1.0 ToolSlide pos=(0.862903, 1.6, -0.35) rot=(0.0, 0.0, 0.0)
apply 
1.5 ToolSlide pos=(0.95, 1.6, -0.35) rot=(0.0, 0.0, 0.0)
apply 
2.0 ToolSlide pos=(1.05, 1.6, -0.35) rot=(0.0, 0.0, 0.0)
zhulei length=2.0 loop=0
Zhulei/Model/Shoulder type=2 interpolation=1 keys=[[0.0, "(0.461749, 0, 0, 0.887011)"], [0.69999998807907, "(0.021815, 0, 0, 0.999762)"], [0.73333334922791, "(0, 0, 0, 1)"], [1.03333330154419, "(-0.152123, 0, 0, 0.988362)"], [1.23333334922791, "(-0.021815, 0, 0, 0.999762)"], [1.26666665077209, "(0, 0, 0, 1)"], [2.0, "(0.461749, 0, 0, 0.887011)"]]
Zhulei/Model/Shoulder/Elbow type=2 interpolation=1 keys=[[0.0, "(-0.976296, 0, 0, 0.21644)"], [0.93333333730698, "(-0.049431, 0, 0, 0.998778)"], [0.96666663885117, "(-0.002909, 0, 0, 0.999996)"], [1.0, "(0.043619, 0, 0, 0.999048)"], [1.03333330154419, "(-0.002909, 0, 0, 0.999996)"], [2.0, "(-0.976296, 0, 0, 0.21644)"]]
apply 
0.0 Shoulder pos=(0.0, 0.62, -0.45) rot=(55.0, 0.0, 0.0)
apply 
0.5 Shoulder pos=(0.0, 0.62, -0.45) rot=(17.5, 0.0, 0.0)
apply 
1.0 Shoulder pos=(0.0, 0.62, -0.45) rot=(-15.55555, 0.0, 0.0)
apply 
1.5 Shoulder pos=(0.0, 0.62, -0.45) rot=(17.50001, 0.0, 0.0)
apply 
2.0 Shoulder pos=(0.0, 0.62, -0.45) rot=(55.0, 0.0, 0.0)
