old-default 0 PASS
old-short-benchmark 1 FAIL
Godot Engine v4.7.2.stable.mono.official.ed1daf0bf - https://godotengine.org

ERROR: [Yudian] IOException: 输出文件已存在；每次运行必须使用新路径
   at: void Yudian.Main.Fail(System.Exception) (res://scripts/Main.cs:477)
   C# backtrace (most recent call first):
       [0] void Godot.GD.PushError(string) (/root/godot/modules/mono/glue/GodotSharp/GodotSharp/Core/GD.cs:366)
       [1] void Yudian.Main.Fail(System.Exception) (<user>/yudian-game/main-ground-r1-20261005/prototype/scripts/Main.cs:477)
       [2] void Yudian.Main._Ready() (<user>/yudian-game/main-ground-r1-20261005/prototype/scripts/Main.cs:90)
       [3] bool Godot.Node.InvokeGodotClassMethod(Godot.NativeInterop.godot_string_name&, Godot.NativeInterop.NativeVariantPtrArgs, Godot.NativeInterop.godot_variant&) (/root/godot/modules/mono/glue/GodotSharp/GodotSharp/Generated/GodotObjects/Node.cs:2660)
       [4] bool Godot.Node3D.InvokeGodotClassMethod(Godot.NativeInterop.godot_string_name&, Godot.NativeInterop.NativeVariantPtrArgs, Godot.NativeInterop.godot_variant&) (/root/godot/modules/mono/glue/GodotSharp/GodotSharp/Generated/GodotObjects/Node3D.cs:1127)
       [5] bool Yudian.Main.InvokeGodotClassMethod(Godot.NativeInterop.godot_string_name&, Godot.NativeInterop.NativeVariantPtrArgs, Godot.NativeInterop.godot_variant&) (<user>/yudian-game/main-ground-r1-20261005/prototype/.godot/mono/temp/obj/Debug/Godot.SourceGenerators/Godot.SourceGenerators.ScriptMethodsGenerator/Yudian.Main_ScriptMethods.generated.cs:310)
       [6] Godot.NativeInterop.godot_bool Godot.Bridge.CSharpInstanceBridge.Call(nint, Godot.NativeInterop.godot_string_name*, Godot.NativeInterop.godot_variant**, int, Godot.NativeInterop.godot_variant_call_error*, Godot.NativeInterop.godot_variant*) (/root/godot/modules/mono/glue/GodotSharp/GodotSharp/Core/Bridge/CSharpInstanceBridge.cs:24)

live-benchmark-conflict 1 PASS
live-range-segments 1 PASS
old-range-segments 0 PASS
live-range-spacing 1 PASS
old-range-spacing 0 PASS
live-range-height 1 PASS
old-range-height 0 PASS
live-range-layout 1 PASS
old-range-layout 0 PASS
Traceback (most recent call last):
  File "<scratch>/main-ground-main-20261005/compat-checks.py", line 24, in <module>
    assert s['assembly_sha256']==hashlib.sha256(dll.read_bytes()).hexdigest()
           ^^^^^^^^^^^^^^^^^^^^^^^^^^^^^^^^^^^^^^^^^^^^^^^^^^^^^^^^^^^^^^^^^^
AssertionError
