Godot Engine v4.7.2.stable.mono.official.ed1daf0bf - https://godotengine.org

MAIN_GROUND_IDENTITY build_sha256=2618b89fcb3eb389c03b59f425d8058d0c025eec88026951bbd3685d08606dd1 loaded_mvid=956d4ae9-c07c-4689-80fc-d77d00a0e69c CLR=10.0.12 display=headless
[Yudian] fixture=s_small seed=20261004 facilities=0 robots=0 benchmark=False
MAIN_GROUND_SYNC authority=0 bound=0 verified=0 assigned_frame=0 query_frame=1 rays=4225
MAIN_GROUND_READY robots=12 facilities=6
MAIN_GROUND_OCCUPIED 设施 0
MAIN_GROUND_OCCUPIED Robot_Wangshan_2
MAIN_GROUND_LONG_RAY_PRECISION index=0 expected=1.410421206553762E-26 long=0.00012207031 bounded=2.3841858E-07
MAIN_GROUND_TEST_STEP PASS 0
MAIN_GROUND_COMMIT authority=1 bound=1 paused=True
MAIN_GROUND_TEST_STEP PASS 1
MAIN_GROUND_SYNC authority=1 bound=1 verified=1 assigned_frame=121 query_frame=122 rays=14
MAIN_GROUND_COMMIT authority=2 bound=2 paused=True
MAIN_GROUND_TEST_STEP PASS 2
MAIN_GROUND_SYNC authority=2 bound=2 verified=2 assigned_frame=122 query_frame=123 rays=15
MAIN_GROUND_PAUSED synthetic main bind failure
MAIN_GROUND_COMMIT authority=3 bound= paused=True
MAIN_GROUND_TEST_STEP PASS 3
MAIN_GROUND_PAUSED synthetic recovery bind failure
MAIN_GROUND_TEST_STEP PASS 4
MAIN_GROUND_SYNC authority=3 bound=3 verified=3 assigned_frame=124 query_frame=125 rays=4225
MAIN_GROUND_TEST_STEP PASS 5
MAIN_GROUND_SELF_TEST PASS version=3 robots=12 travelled=78.537 grounded=12
MAIN_GROUND_TEST_STEP PASS 6
