00:00.620  blend            | Read blend: "historical-local-project/yudian-r7-portable-current-verify/art/source/resources/d12-r1/r7-portable/resources-grey-r7.blend"
sandbox_extension_issue_file_to_process failed for <BLENDER_APPLICATION>: 1 (Operation not permitted)
00:00.925  render           | Saved: 'historical-local-project/yudian-r7-portable-current-verify/docs/art/production/d12-r1/resources/portable-r7/output/source-iron_ore/silhouette_front.png'
00:00.937  render           | Saved: 'historical-local-project/yudian-r7-portable-current-verify/docs/art/production/d12-r1/resources/portable-r7/output/source-iron_ore/silhouette_threequarter.png'
00:00.958  render           | Saved: 'historical-local-project/yudian-r7-portable-current-verify/docs/art/production/d12-r1/resources/portable-r7/output/source-iron_ore/silhouette_back.png'
00:00.974  render           | Saved: 'historical-local-project/yudian-r7-portable-current-verify/docs/art/production/d12-r1/resources/portable-r7/output/source-iron_ore/silhouette_low.png'
00:00.998  render           | Saved: 'historical-local-project/yudian-r7-portable-current-verify/docs/art/production/d12-r1/resources/portable-r7/output/source-iron_ore/hsgrey_front.png'
00:01.014  render           | Saved: 'historical-local-project/yudian-r7-portable-current-verify/docs/art/production/d12-r1/resources/portable-r7/output/source-iron_ore/hsgrey_threequarter.png'
00:01.028  render           | Saved: 'historical-local-project/yudian-r7-portable-current-verify/docs/art/production/d12-r1/resources/portable-r7/output/source-iron_ore/hsgrey_back.png'
00:01.042  render           | Saved: 'historical-local-project/yudian-r7-portable-current-verify/docs/art/production/d12-r1/resources/portable-r7/output/source-iron_ore/hsgrey_low.png'
00:01.788  render           | Saved: 'historical-local-project/yudian-r7-portable-current-verify/docs/art/production/d12-r1/resources/portable-r7/output/source-iron_ore-near.png'
00:01.799  render           | Saved: 'historical-local-project/yudian-r7-portable-current-verify/docs/art/production/d12-r1/resources/portable-r7/output/source-iron/silhouette_front.png'
00:01.808  render           | Saved: 'historical-local-project/yudian-r7-portable-current-verify/docs/art/production/d12-r1/resources/portable-r7/output/source-iron/silhouette_threequarter.png'
00:01.818  render           | Saved: 'historical-local-project/yudian-r7-portable-current-verify/docs/art/production/d12-r1/resources/portable-r7/output/source-iron/silhouette_back.png'
00:01.827  render           | Saved: 'historical-local-project/yudian-r7-portable-current-verify/docs/art/production/d12-r1/resources/portable-r7/output/source-iron/silhouette_low.png'
00:01.839  render           | Saved: 'historical-local-project/yudian-r7-portable-current-verify/docs/art/production/d12-r1/resources/portable-r7/output/source-iron/hsgrey_front.png'
00:01.853  render           | Saved: 'historical-local-project/yudian-r7-portable-current-verify/docs/art/production/d12-r1/resources/portable-r7/output/source-iron/hsgrey_threequarter.png'
00:01.866  render           | Saved: 'historical-local-project/yudian-r7-portable-current-verify/docs/art/production/d12-r1/resources/portable-r7/output/source-iron/hsgrey_back.png'
00:01.879  render           | Saved: 'historical-local-project/yudian-r7-portable-current-verify/docs/art/production/d12-r1/resources/portable-r7/output/source-iron/hsgrey_low.png'
00:02.558  render           | Saved: 'historical-local-project/yudian-r7-portable-current-verify/docs/art/production/d12-r1/resources/portable-r7/output/source-iron-near.png'
00:02.568  render           | Saved: 'historical-local-project/yudian-r7-portable-current-verify/docs/art/production/d12-r1/resources/portable-r7/output/source-copper_ore/silhouette_front.png'
00:02.578  render           | Saved: 'historical-local-project/yudian-r7-portable-current-verify/docs/art/production/d12-r1/resources/portable-r7/output/source-copper_ore/silhouette_threequarter.png'
00:02.587  render           | Saved: 'historical-local-project/yudian-r7-portable-current-verify/docs/art/production/d12-r1/resources/portable-r7/output/source-copper_ore/silhouette_back.png'
00:02.596  render           | Saved: 'historical-local-project/yudian-r7-portable-current-verify/docs/art/production/d12-r1/resources/portable-r7/output/source-copper_ore/silhouette_low.png'
00:02.609  render           | Saved: 'historical-local-project/yudian-r7-portable-current-verify/docs/art/production/d12-r1/resources/portable-r7/output/source-copper_ore/hsgrey_front.png'
00:02.622  render           | Saved: 'historical-local-project/yudian-r7-portable-current-verify/docs/art/production/d12-r1/resources/portable-r7/output/source-copper_ore/hsgrey_threequarter.png'
00:02.635  render           | Saved: 'historical-local-project/yudian-r7-portable-current-verify/docs/art/production/d12-r1/resources/portable-r7/output/source-copper_ore/hsgrey_back.png'
00:02.647  render           | Saved: 'historical-local-project/yudian-r7-portable-current-verify/docs/art/production/d12-r1/resources/portable-r7/output/source-copper_ore/hsgrey_low.png'
00:03.319  render           | Saved: 'historical-local-project/yudian-r7-portable-current-verify/docs/art/production/d12-r1/resources/portable-r7/output/source-copper_ore-near.png'
00:03.329  render           | Saved: 'historical-local-project/yudian-r7-portable-current-verify/docs/art/production/d12-r1/resources/portable-r7/output/source-copper/silhouette_front.png'
00:03.338  render           | Saved: 'historical-local-project/yudian-r7-portable-current-verify/docs/art/production/d12-r1/resources/portable-r7/output/source-copper/silhouette_threequarter.png'
00:03.347  render           | Saved: 'historical-local-project/yudian-r7-portable-current-verify/docs/art/production/d12-r1/resources/portable-r7/output/source-copper/silhouette_back.png'
00:03.356  render           | Saved: 'historical-local-project/yudian-r7-portable-current-verify/docs/art/production/d12-r1/resources/portable-r7/output/source-copper/silhouette_low.png'
00:03.368  render           | Saved: 'historical-local-project/yudian-r7-portable-current-verify/docs/art/production/d12-r1/resources/portable-r7/output/source-copper/hsgrey_front.png'
00:03.380  render           | Saved: 'historical-local-project/yudian-r7-portable-current-verify/docs/art/production/d12-r1/resources/portable-r7/output/source-copper/hsgrey_threequarter.png'
00:03.392  render           | Saved: 'historical-local-project/yudian-r7-portable-current-verify/docs/art/production/d12-r1/resources/portable-r7/output/source-copper/hsgrey_back.png'
00:03.405  render           | Saved: 'historical-local-project/yudian-r7-portable-current-verify/docs/art/production/d12-r1/resources/portable-r7/output/source-copper/hsgrey_low.png'
00:04.071  render           | Saved: 'historical-local-project/yudian-r7-portable-current-verify/docs/art/production/d12-r1/resources/portable-r7/output/source-copper-near.png'
00:04.082  render           | Saved: 'historical-local-project/yudian-r7-portable-current-verify/docs/art/production/d12-r1/resources/portable-r7/output/source-parts/silhouette_front.png'
00:04.091  render           | Saved: 'historical-local-project/yudian-r7-portable-current-verify/docs/art/production/d12-r1/resources/portable-r7/output/source-parts/silhouette_threequarter.png'
00:04.101  render           | Saved: 'historical-local-project/yudian-r7-portable-current-verify/docs/art/production/d12-r1/resources/portable-r7/output/source-parts/silhouette_back.png'
00:04.110  render           | Saved: 'historical-local-project/yudian-r7-portable-current-verify/docs/art/production/d12-r1/resources/portable-r7/output/source-parts/silhouette_low.png'
00:04.123  render           | Saved: 'historical-local-project/yudian-r7-portable-current-verify/docs/art/production/d12-r1/resources/portable-r7/output/source-parts/hsgrey_front.png'
00:04.136  render           | Saved: 'historical-local-project/yudian-r7-portable-current-verify/docs/art/production/d12-r1/resources/portable-r7/output/source-parts/hsgrey_threequarter.png'
00:04.149  render           | Saved: 'historical-local-project/yudian-r7-portable-current-verify/docs/art/production/d12-r1/resources/portable-r7/output/source-parts/hsgrey_back.png'
00:04.162  render           | Saved: 'historical-local-project/yudian-r7-portable-current-verify/docs/art/production/d12-r1/resources/portable-r7/output/source-parts/hsgrey_low.png'
00:04.827  render           | Saved: 'historical-local-project/yudian-r7-portable-current-verify/docs/art/production/d12-r1/resources/portable-r7/output/source-parts-near.png'
00:04.837  render           | Saved: 'historical-local-project/yudian-r7-portable-current-verify/docs/art/production/d12-r1/resources/portable-r7/output/source-cable/silhouette_front.png'
00:04.847  render           | Saved: 'historical-local-project/yudian-r7-portable-current-verify/docs/art/production/d12-r1/resources/portable-r7/output/source-cable/silhouette_threequarter.png'
00:04.856  render           | Saved: 'historical-local-project/yudian-r7-portable-current-verify/docs/art/production/d12-r1/resources/portable-r7/output/source-cable/silhouette_back.png'
00:04.864  render           | Saved: 'historical-local-project/yudian-r7-portable-current-verify/docs/art/production/d12-r1/resources/portable-r7/output/source-cable/silhouette_low.png'
00:04.877  render           | Saved: 'historical-local-project/yudian-r7-portable-current-verify/docs/art/production/d12-r1/resources/portable-r7/output/source-cable/hsgrey_front.png'
00:04.889  render           | Saved: 'historical-local-project/yudian-r7-portable-current-verify/docs/art/production/d12-r1/resources/portable-r7/output/source-cable/hsgrey_threequarter.png'
00:04.901  render           | Saved: 'historical-local-project/yudian-r7-portable-current-verify/docs/art/production/d12-r1/resources/portable-r7/output/source-cable/hsgrey_back.png'
00:04.914  render           | Saved: 'historical-local-project/yudian-r7-portable-current-verify/docs/art/production/d12-r1/resources/portable-r7/output/source-cable/hsgrey_low.png'
00:05.586  render           | Saved: 'historical-local-project/yudian-r7-portable-current-verify/docs/art/production/d12-r1/resources/portable-r7/output/source-cable-near.png'
RESULT {"mode": "source", "sheets": ["docs/art/production/d12-r1/resources/portable-r7/output/source-iron_ore/review_sheet.png", "docs/art/production/d12-r1/resources/portable-r7/output/source-iron/review_sheet.png", "docs/art/production/d12-r1/resources/portable-r7/output/source-copper_ore/review_sheet.png", "docs/art/production/d12-r1/resources/portable-r7/output/source-copper/review_sheet.png", "docs/art/production/d12-r1/resources/portable-r7/output/source-parts/review_sheet.png", "docs/art/production/d12-r1/resources/portable-r7/output/source-cable/review_sheet.png"], "triangles": {"iron_ore": 64, "iron": 188, "copper_ore": 48, "copper": 124, "parts": 412, "cable": 460}}
Blender 5.2.2 LTS (hash d13f752e3b9c built 2026-09-15 01:49:19)

Blender quit
