00:00.589  blend            | Read blend: "art/source/resources/d12-r1/resource-pair-grey-r5-portable.blend"
INFO Draco is available, use library at <BLENDER_APPLICATION>/Contents/Resources/5.2/scripts/addons_core/io_scene_gltf2/libbf_intern_draco_bridge.dylib
INFO MeshOptimizer is available, use library at <BLENDER_APPLICATION>/Contents/Resources/5.2/scripts/addons_core/io_scene_gltf2/libbf_intern_meshopt_bridge.dylib
03:54:08 | INFO: Starting glTF 2.0 export
03:54:08 | INFO: Extracting primitive: iron_ore
03:54:08 | INFO: Primitives created: 1
03:54:08 | INFO: Finished glTF 2.0 export in 0.007238864898681641 s

03:54:08 | INFO: Starting glTF 2.0 export
03:54:08 | INFO: Extracting primitive: iron
03:54:08 | INFO: Primitives created: 1
03:54:08 | INFO: Finished glTF 2.0 export in 0.0018398761749267578 s
00:00.720  blend            | Read blend: "art/source/resources/d12-r1/resource-pair-grey-r5.blend"

03:54:08 | INFO: Starting glTF 2.0 export
03:54:08 | INFO: Extracting primitive: iron_ore
03:54:08 | INFO: Primitives created: 1
03:54:08 | INFO: Finished glTF 2.0 export in 0.0020530223846435547 s

03:54:08 | INFO: Starting glTF 2.0 export
03:54:08 | INFO: Extracting primitive: iron
03:54:08 | INFO: Primitives created: 1
03:54:08 | INFO: Finished glTF 2.0 export in 0.0018529891967773438 s
00:00.752  blend            | Read blend: "art/source/resources/d12-r1/r7-portable/resources-grey-r7.blend"

03:54:08 | INFO: Starting glTF 2.0 export
03:54:08 | INFO: Extracting primitive: iron_ore
03:54:08 | INFO: Primitives created: 1
03:54:08 | INFO: Finished glTF 2.0 export in 0.002007007598876953 s

03:54:08 | INFO: Starting glTF 2.0 export
03:54:08 | INFO: Extracting primitive: iron
03:54:08 | INFO: Primitives created: 1
03:54:08 | INFO: Finished glTF 2.0 export in 0.0016820430755615234 s

03:54:08 | INFO: Starting glTF 2.0 export
03:54:08 | INFO: Extracting primitive: copper_ore
03:54:08 | INFO: Primitives created: 1
03:54:08 | INFO: Finished glTF 2.0 export in 0.0015201568603515625 s

03:54:08 | INFO: Starting glTF 2.0 export
03:54:08 | INFO: Extracting primitive: copper
03:54:08 | INFO: Primitives created: 1
03:54:08 | INFO: Finished glTF 2.0 export in 0.0013360977172851562 s

03:54:08 | INFO: Starting glTF 2.0 export
03:54:08 | INFO: Extracting primitive: parts
03:54:08 | INFO: Primitives created: 1
03:54:08 | INFO: Finished glTF 2.0 export in 0.0018677711486816406 s

03:54:08 | INFO: Starting glTF 2.0 export
03:54:08 | INFO: Extracting primitive: cable
03:54:08 | INFO: Primitives created: 1
03:54:08 | INFO: Finished glTF 2.0 export in 0.0013811588287353516 s
00:00.915  blend            | Read blend: "art/source/resources/d12-r1/r7/resources-grey-r7.blend"

03:54:09 | INFO: Starting glTF 2.0 export
03:54:09 | INFO: Extracting primitive: iron_ore
03:54:09 | INFO: Primitives created: 1
03:54:09 | INFO: Finished glTF 2.0 export in 0.0021147727966308594 s

03:54:09 | INFO: Starting glTF 2.0 export
03:54:09 | INFO: Extracting primitive: iron
03:54:09 | INFO: Primitives created: 1
03:54:09 | INFO: Finished glTF 2.0 export in 0.001688241958618164 s

03:54:09 | INFO: Starting glTF 2.0 export
03:54:09 | INFO: Extracting primitive: copper_ore
03:54:09 | INFO: Primitives created: 1
03:54:09 | INFO: Finished glTF 2.0 export in 0.0014667510986328125 s

03:54:09 | INFO: Starting glTF 2.0 export
03:54:09 | INFO: Extracting primitive: copper
03:54:09 | INFO: Primitives created: 1
03:54:09 | INFO: Finished glTF 2.0 export in 0.0013082027435302734 s

03:54:09 | INFO: Starting glTF 2.0 export
03:54:09 | INFO: Extracting primitive: parts
03:54:09 | INFO: Primitives created: 1
03:54:09 | INFO: Finished glTF 2.0 export in 0.002070188522338867 s

03:54:09 | INFO: Starting glTF 2.0 export
03:54:09 | INFO: Extracting primitive: cable
03:54:09 | INFO: Primitives created: 1
03:54:09 | INFO: Finished glTF 2.0 export in 0.00167083740234375 s

PORTABLE_NATIVE_PROOF_OK {"blender": "5.2.2 LTS", "exact_float_arrays": true, "sources": {"art/source/resources/d12-r1/resource-pair-grey-r5-portable.blend": {"portable_sha256": "de0fbdcc1af74b3e830c5ae41a62c46720e1993dc30cfd8e91cfacf3a6d1636b", "original_sha256": "425778ce1fb9acb95d406dd0078e07f6ab7503d77cac386be274b6f1eed34604", "native_reopen_exact_semantic_snapshot": true, "excluded_process_only_field": "ID.session_uid", "unused_materials_not_bound_to_geometry": ["Material"], "closure": {"libraries": 0, "linked_ids": 0, "images": [{"name": "Render Result", "source": "VIEWER", "filepath": "", "packed": false}, {"name": "Viewer Node", "source": "VIEWER", "filepath": "", "packed": false}], "editable_geometry_node_modifiers": {"iron_ore": [{"name": "Smooth by Angle", "group": "Smooth by Angle", "local": true}], "iron": []}, "render_output": "<RENDER_OUTPUT>/"}, "resources": {"iron_ore": {"frozen_sha256": "fa34ecfe193ba92a47bc00b1c0107417f0d08ea9f4d168d7fe581352b49a3b56", "full_glb_visual_payload_exact": true, "triangles": 64, "bounds": [[-0.21850284934043884, 0.0, -0.1991950422525406], [0.2739032506942749, 0.34047049283981323, 0.22117018699645996]]}, "iron": {"frozen_sha256": "9fb81404b00fe13b6f61c4dab9ea34d920225804dff573b150c9e49b040a5970", "full_glb_visual_payload_exact": true, "triangles": 188, "bounds": [[-0.2095024734735489, 0.0, -0.1344478577375412], [0.2095024734735489, 0.18000000715255737, 0.1344478577375412]]}}}, "art/source/resources/d12-r1/r7-portable/resources-grey-r7.blend": {"portable_sha256": "5b5eeb3a68fcd3160e40efe47e5af6e816e4d6543e221d3dc523c61b7a2cb200", "original_sha256": "73b927f43df0c179f80bc08696531719e201f3f2bb1bbb452b69c5eb96e396ce", "native_reopen_exact_semantic_snapshot": true, "excluded_process_only_field": "ID.session_uid", "unused_materials_not_bound_to_geometry": [], "closure": {"libraries": 0, "linked_ids": 0, "images": [{"name": "Render Result", "source": "VIEWER", "filepath": "", "packed": false}, {"name": "Viewer Node", "source": "VIEWER", "filepath": "", "packed": false}], "editable_geometry_node_modifiers": {"iron_ore": [{"name": "Smooth by Angle", "group": "Smooth by Angle", "local": true}], "iron": [], "copper_ore": [{"name": "Smooth by Angle", "group": "Smooth by Angle", "local": true}], "copper": [], "parts": [{"name": "Smooth by Angle", "group": "Smooth by Angle", "local": true}], "cable": []}, "render_output": "<RENDER_OUTPUT>/"}, "resources": {"iron_ore": {"frozen_sha256": "fa34ecfe193ba92a47bc00b1c0107417f0d08ea9f4d168d7fe581352b49a3b56", "full_glb_visual_payload_exact": true, "triangles": 64, "bounds": [[-0.21850284934043884, 0.0, -0.1991950422525406], [0.2739032506942749, 0.34047049283981323, 0.22117018699645996]]}, "iron": {"frozen_sha256": "9fb81404b00fe13b6f61c4dab9ea34d920225804dff573b150c9e49b040a5970", "full_glb_visual_payload_exact": true, "triangles": 188, "bounds": [[-0.2095024734735489, 0.0, -0.1344478577375412], [0.2095024734735489, 0.18000000715255737, 0.1344478577375412]]}, "copper_ore": {"frozen_sha256": "7f779c0a3ee22d0db0d78b0fb01d265cd4307df1d53981e1640c9aa85af13f67", "full_glb_visual_payload_exact": true, "triangles": 48, "bounds": [[-0.22499999403953552, 0.0, -0.18980124592781067], [0.22499999403953552, 0.21984724700450897, 0.18980127573013306]]}, "copper": {"frozen_sha256": "f4f2a914361a8c574423e3842a3a9e0eaa3586d8267663c688172886139fbc2d", "full_glb_visual_payload_exact": true, "triangles": 124, "bounds": [[-0.2199999988079071, 0.0, -0.07000000029802322], [0.2199999988079071, 0.14000000059604645, 0.07000000029802322]]}, "parts": {"frozen_sha256": "2d6413deeaee92881474da6ef9111d09472ecde91e44069f8564c6f7548d2c49", "full_glb_visual_payload_exact": true, "triangles": 412, "bounds": [[-0.21000000834465027, 0.0, -0.12999999523162842], [0.21000000834465027, 0.18000000715255737, 0.12999999523162842]]}, "cable": {"frozen_sha256": "4ff6f1601b959583c0ad6bd030afd3907326fdffa72272e8c80f146f8ba1cca3", "full_glb_visual_payload_exact": true, "triangles": 460, "bounds": [[-0.20372575521469116, 0.0, -0.17245610058307648], [0.20372575521469116, 0.13193953037261963, 0.17245610058307648]]}}}}}
Blender 5.2.2 LTS (hash d13f752e3b9c built 2026-09-15 01:49:19)

Blender quit
