Godot Engine v4.7.2.stable.mono.official.ed1daf0bf - https://godotengine.org

MAIN_GROUND_IDENTITY build_sha256=1a0c334f3786a9616905ac8e92567da6c53c2430c970cadbad11e92854f899b5 loaded_mvid=72c9a8c6-d728-48c0-92c1-d21cb38397b5 CLR=8.0.31 display=headless
[Yudian] fixture=s_small seed=20261004 facilities=0 robots=0 benchmark=False
MAIN_GROUND_SYNC authority=0 bound=0 verified=0 assigned_frame=0 query_frame=1 rays=4225
MAIN_GROUND_READY robots=12 facilities=1
MAIN_GROUND_COMMIT authority=1 bound=1 paused=True
MAIN_GROUND_SYNC authority=1 bound=1 verified=1 assigned_frame=114 query_frame=115 rays=52
D12_PROGRESS step=1 time=79.3 goal=Building prod=:// reason= build=Pickup/驮运前往着陆器取货
MAIN_GROUND_COMMIT authority=2 bound=2 paused=True
MAIN_GROUND_SYNC authority=2 bound=2 verified=2 assigned_frame=750 query_frame=751 rays=28
D12_PROGRESS step=2 time=159.3 goal=Building prod=:// reason= build=Building/物料齐备，筑垒前往并实际施工
MAIN_GROUND_COMMIT authority=3 bound=3 paused=True
MAIN_GROUND_SYNC authority=3 bound=3 verified=3 assigned_frame=1553 query_frame=1554 rays=46
D12_PROGRESS step=4 time=239.3 goal=Building prod=:// reason= build=Delivering/已真实取货，驮运载货前往工地
D12_PROGRESS step=5 time=319.3 goal=Building prod=:// reason= build=Pickup/驮运前往着陆器取货
MAIN_GROUND_COMMIT authority=4 bound=4 paused=True
MAIN_GROUND_SYNC authority=4 bound=4 verified=4 assigned_frame=2583 query_frame=2584 rays=56
D12_PROGRESS step=6 time=399.3 goal=Building prod=:// reason= build=Delivering/已真实取货，驮运载货前往工地
D12_PROGRESS step=7 time=479.3 goal=Building prod=:// reason= build=Delivering/已真实取货，驮运载货前往工地
PLAYER_SAVE_OK version=4 stage= time=505.69999999998157
PLAYER_SAVE_OK version=4 stage= time=534.49999999998
MAIN_GROUND_PAUSED synthetic D12 mining projection failure
MAIN_GROUND_COMMIT authority=5 bound= paused=True
MAIN_GROUND_SYNC authority=5 bound=5 verified=5 assigned_frame=4060 query_frame=4061 rays=4225
MAIN_GROUND_COMMIT authority=6 bound=6 paused=True
MAIN_GROUND_SYNC authority=6 bound=6 verified=6 assigned_frame=4110 query_frame=4111 rays=15
MAIN_GROUND_COMMIT authority=7 bound=7 paused=True
MAIN_GROUND_SYNC authority=7 bound=7 verified=7 assigned_frame=4160 query_frame=4161 rays=15
D12_PROGRESS step=16 time=558.8 goal=Supplying prod=prod-4:haul/iron_ore/Pickup reason=驮运前往真实取货位 build=/
D12_PROGRESS step=20 time=638.8 goal=Supplying prod=prod-6:haul/iron_ore/Pickup reason=执行者保障或停机；载荷与原进度保留 build=/
D12_PROGRESS step=20 time=718.8 goal=Supplying prod=prod-8:haul/iron_ore/Delivering reason=真实载货运输：铁矿8 build=/
D12_PROGRESS step=20 time=798.8 goal=Supplying prod=prod-14:haul/parts/Pickup reason=驮运前往真实取货位 build=/
MAIN_GROUND_COMMIT authority=8 bound=8 paused=True
MAIN_GROUND_SYNC authority=8 bound=8 verified=8 assigned_frame=6329 query_frame=6330 rays=81
D12_PROGRESS step=20 time=878.8 goal=Building prod=:// reason=重试原目标；已结算不重放 build=Delivering/已真实取货，驮运载货前往工地
MAIN_GROUND_COMMIT authority=9 bound=9 paused=True
MAIN_GROUND_SYNC authority=9 bound=9 verified=9 assigned_frame=7042 query_frame=7043 rays=15
MAIN_GROUND_COMMIT authority=10 bound=10 paused=True
MAIN_GROUND_SYNC authority=10 bound=10 verified=10 assigned_frame=7092 query_frame=7093 rays=15
MAIN_GROUND_COMMIT authority=11 bound=11 paused=True
MAIN_GROUND_SYNC authority=11 bound=11 verified=11 assigned_frame=7142 query_frame=7143 rays=15
D12_PROGRESS step=205 time=958.8 goal=Supplying prod=prod-18:haul/iron_ore/Pickup reason=驮运前往真实取货位 build=/
D12_PROGRESS step=205 time=1038.8 goal=Supplying prod=prod-19:recipe/iron/Working reason=加工等待日照/已连接电源；投入保留，未产出 build=/
D12_PROGRESS step=205 time=1118.8 goal=Supplying prod=prod-19:recipe/iron/Working reason=加工等待日照/已连接电源；投入保留，未产出 build=/
D12_PROGRESS step=205 time=1198.8 goal=Supplying prod=prod-19:recipe/iron/Working reason=加工等待日照/已连接电源；投入保留，未产出 build=/
D12_PROGRESS step=205 time=1278.8 goal=Supplying prod=prod-21:recipe/iron/Working reason=加工设施实际用电生产：铁料 build=/
D12_PROGRESS step=205 time=1358.8 goal=Supplying prod=prod-27:mine/copper_ore/Working reason= build=/
MAIN_GROUND_COMMIT authority=12 bound=12 paused=True
MAIN_GROUND_SYNC authority=12 bound=12 verified=12 assigned_frame=10287 query_frame=10288 rays=14
D12_PROGRESS step=205 time=1438.8 goal=Supplying prod=prod-33:haul/parts/Pickup reason=驮运前往真实取货位 build=/
D12_PROGRESS step=205 time=1518.8 goal=Supplying prod=prod-34:haul/cable/Delivering reason=真实载货运输：线缆2 build=/
MAIN_GROUND_COMMIT authority=13 bound=13 paused=True
MAIN_GROUND_SYNC authority=13 bound=13 verified=13 assigned_frame=11979 query_frame=11980 rays=51
PLAYER_SAVE_OK version=13 stage= time=1596.900000000408
D12_TEST PREPARED phase=prepare-depot
