ERROR: Failed to open 'user://logs/godot2026-10-07T16.10.16.log'.
   at: copy (core/io/dir_access.cpp:429)
ERROR: Failed to open log file for writing: user://logs/godot.log
   at: rotate_file (core/io/logger.cpp:169)
Godot Engine v4.7.2.stable.mono.official.ed1daf0bf - https://godotengine.org

MAIN_GROUND_IDENTITY build_sha256=4ccca59bc5c079c4cac266ce8ef6942fa06e3fe4c90548b208e2edf5089f068e loaded_mvid=2f1694c6-f7d4-4751-a5dc-6b2ab55e8d3c CLR=10.0.12 display=headless
[Yudian] fixture=s_small seed=20261004 facilities=0 robots=0 benchmark=False
MAIN_GROUND_SYNC authority=0 bound=0 verified=0 assigned_frame=0 query_frame=1 rays=4225
MAIN_GROUND_READY robots=12 facilities=1
MAIN_GROUND_PAUSED MAIN_GROUND_CHECK 12 real grounded moving bodies
ERROR: [Yudian] InvalidOperationException: MAIN_GROUND_CHECK 12 real grounded moving bodies
   at: void Yudian.Main.Fail(System.Exception) (res://scripts/Main.cs:541)
   C# backtrace (most recent call first):
       [0] void Godot.GD.PushError(string) (/root/godot/modules/mono/glue/GodotSharp/GodotSharp/Core/GD.cs:366)
       [1] void Yudian.Main.Fail(System.Exception) (<PROJECT_ROOT>/d11-bootstrap-r1/prototype/scripts/Main.cs:541)
       [2] void Yudian.Main._PhysicsProcess(double) (<PROJECT_ROOT>/d11-bootstrap-r1/prototype/scripts/Main.LiveTerrain.cs:111)
       [3] bool Godot.Node.InvokeGodotClassMethod(Godot.NativeInterop.godot_string_name&, Godot.NativeInterop.NativeVariantPtrArgs, Godot.NativeInterop.godot_variant&) (/root/godot/modules/mono/glue/GodotSharp/GodotSharp/Generated/GodotObjects/Node.cs:2648)
       [4] bool Godot.Node3D.InvokeGodotClassMethod(Godot.NativeInterop.godot_string_name&, Godot.NativeInterop.NativeVariantPtrArgs, Godot.NativeInterop.godot_variant&) (/root/godot/modules/mono/glue/GodotSharp/GodotSharp/Generated/GodotObjects/Node3D.cs:1127)
       [5] bool Yudian.Main.InvokeGodotClassMethod(Godot.NativeInterop.godot_string_name&, Godot.NativeInterop.NativeVariantPtrArgs, Godot.NativeInterop.godot_variant&) (<PROJECT_ROOT>/d11-bootstrap-r1/prototype/.godot/mono/temp/obj/Debug/Godot.SourceGenerators/Godot.SourceGenerators.ScriptMethodsGenerator/Yudian.Main_ScriptMethods.generated.cs:940)
       [6] Godot.NativeInterop.godot_bool Godot.Bridge.CSharpInstanceBridge.Call(nint, Godot.NativeInterop.godot_string_name*, Godot.NativeInterop.godot_variant**, int, Godot.NativeInterop.godot_variant_call_error*, Godot.NativeInterop.godot_variant*) (/root/godot/modules/mono/glue/GodotSharp/GodotSharp/Core/Bridge/CSharpInstanceBridge.cs:24)
