Godot Engine v4.7.2.stable.mono.official.ed1daf0bf - https://godotengine.org

[   0% ] first_scan_filesystem | Started 项目初始化 (5 steps)
[   0% ] first_scan_filesystem | 正在扫描文件结构……
[  16% ] first_scan_filesystem | 正在加载全局类名……
[  33% ] first_scan_filesystem | 正在校验 GDExtension……
[  50% ] first_scan_filesystem | 正在创建自动加载脚本……
[  66% ] first_scan_filesystem | 正在初始化插件……
[  83% ] first_scan_filesystem | 正在启动文件扫描……
[ DONE ] first_scan_filesystem

[   0% ] update_scripts_classes | Started 正在注册全局类…… (2 steps)
[   0% ] update_scripts_classes |
[  33% ] update_scripts_classes |
[ DONE ] update_scripts_classes

[   0% ] loading_editor_layout | Started 正在加载编辑器 (5 steps)
[   0% ] loading_editor_layout | 正在加载编辑器布局……
[  16% ] loading_editor_layout | 正在加载停靠面板……
[ DONE ] loading_editor_layout

Godot Engine v4.7.2.stable.mono.official.ed1daf0bf - https://godotengine.org

[   0% ] first_scan_filesystem | Started 项目初始化 (5 steps)
[   0% ] first_scan_filesystem | 正在扫描文件结构……
[  16% ] first_scan_filesystem | 正在加载全局类名……
[  33% ] first_scan_filesystem | 正在校验 GDExtension……
[  50% ] first_scan_filesystem | 正在创建自动加载脚本……
[  66% ] first_scan_filesystem | 正在初始化插件……
[  83% ] first_scan_filesystem | 正在启动文件扫描……
[ DONE ] first_scan_filesystem

[   0% ] dotnet_build_project | Started Building .NET project... (1 steps)
[   0% ] dotnet_build_project | Building project
[   0% ] loading_editor_layout | Started 正在加载编辑器 (5 steps)
[   0% ] loading_editor_layout | 正在加载编辑器布局……
[  16% ] loading_editor_layout | 正在加载停靠面板……
[ DONE ] loading_editor_layout

[ DONE ] dotnet_build_project

Godot Engine v4.7.2.stable.mono.official.ed1daf0bf - https://godotengine.org

[   0% ] first_scan_filesystem | Started 项目初始化 (5 steps)
[   0% ] first_scan_filesystem | 正在扫描文件结构……
[  16% ] first_scan_filesystem | 正在加载全局类名……
[  33% ] first_scan_filesystem | 正在校验 GDExtension……
[  50% ] first_scan_filesystem | 正在创建自动加载脚本……
[  66% ] first_scan_filesystem | 正在初始化插件……
[  83% ] first_scan_filesystem | 正在启动文件扫描……
[ DONE ] first_scan_filesystem

[   0% ] dotnet_publish_project | Started Publishing .NET project... (1 steps)
[   0% ] dotnet_publish_project | Running dotnet publish
[ DONE ] dotnet_publish_project

[   0% ] export | Started 正在为 macOS 导出 (3 steps)
[   0% ] export | 正在创建应用捆绑包
[  25% ] export | 正在制作 PKG
[   0% ] savepack | Started 打包中 (102 steps)
[   1% ] savepack | 正在保存文件：res://.godot/imported/art_i00.glb-d2b379c4fde182f4932bfd96a67f6d2f.scn
[   1% ] savepack | 正在保存文件：res://assets/calibration/art_i00.glb.import
[   9% ] savepack | 正在保存文件：res://fixtures/s_small.json
[  17% ] savepack | 正在保存文件：res://.godot/exported/133200997/export-bc10fbb4959c5ecffa6c2ed72cbfd495-ArtI00.scn
[  26% ] savepack | 正在保存文件：res://.godot/exported/133200997/export-4a24720ee5e787dbe30abc634fa3679d-Main.scn
[  33% ] savepack | 正在保存文件：res://scripts/Art/AssetPreview.cs
[  41% ] savepack | 正在保存文件：res://scripts/Art/VisualStateBridge.cs
[  50% ] savepack | 正在保存文件：res://scripts/Benchmark/BenchmarkRecorder.cs
[  58% ] savepack | 正在保存文件：res://scripts/Configuration/BenchmarkOptions.cs
[  66% ] savepack | 正在保存文件：res://scripts/Configuration/FixtureConfig.cs
[  74% ] savepack | 正在保存文件：res://scripts/Main.cs
[  82% ] savepack | 正在保存文件：res://build-info.json
[  90% ] savepack | 正在保存文件：res://export/takeover-r1/Yudian.app/Contents/Resources/icon.icns
[  90% ] savepack | 正在保存文件：res://scenes/asset_preview/ArtI00.tscn.remap
[  90% ] savepack | 正在保存文件：res://scenes/Main.tscn.remap
[  90% ] savepack | 正在保存文件：res://.godot/global_script_class_cache.cfg
[  90% ] savepack | 正在保存文件：res://.godot/uid_cache.bin
[  90% ] savepack | 正在保存文件：res://project.binary
[ DONE ] savepack

[ DONE ] export

<project-root>/qa-integration/prototype/export/takeover-r1/Yudian.app: replacing existing signature
<project-root>/qa-integration/prototype/export/takeover-r1/Yudian.app: valid on disk
<project-root>/qa-integration/prototype/export/takeover-r1/Yudian.app: satisfies its Designated Requirement
error: /Library/Developer/CommandLineTools/usr/bin/lipo: unknown architecture specification flag: <project-root>/qa-integration/prototype/export/takeover-r1/Yudian.app/Contents/MacOS/Yudian in specifying -verify_arch operation
/Library/Developer/CommandLineTools/usr/bin/lipo: known architecture flags are: any little big ppc64 x86_64 x86_64h arm64 ppc970-64 arm64_32 arm64e ppc i386 m68k hppa sparc m88k i860 veo arm ppc601 ppc603 ppc603e ppc603ev ppc604 ppc604e ppc750 ppc7400 ppc7450 ppc970 i486 i486SX pentium i586 pentpro i686 pentIIm3 pentIIm5 pentium4 m68030 m68040 hppa7100LC veo1 veo2 veo3 veo4 armv4t armv5 xscale armv6 armv6m armv7 armv7f armv7s armv7k armv7m armv7em armv8m.main armv8m.base armv8.1m.main arm64v8
usage: lipo <input_file> <command> [<options> ...]
  command is one of:
    -archs
    -create
    -detailed_info
    -extract <arch_type> [-extract <arch_type> ...]
    -extract_family <arch_type> [-extract_family <arch_type> ...]
    -info
    -remove <arch_type> [-remove <arch_type> ...]
    -replace <arch_type> <file_name> [-replace <arch_type> <file_name> ...]
    -thin <arch_type>
    -verify_arch <arch_type> ...
  options are one or more of:
    -arch <arch_type> <input_file>
    -hideARM64
    -output <output_file>
    -segalign <arch_type> <alignment>
Traceback (most recent call last):
  File "<project-root>/qa-integration/tools/build_macos.py", line 126, in <module>
    main()
    ~~~~^^
  File "<project-root>/qa-integration/tools/build_macos.py", line 114, in main
    run(['/usr/bin/lipo', '-verify_arch', 'arm64', app / 'Contents/MacOS/Yudian'])
    ~~~^^^^^^^^^^^^^^^^^^^^^^^^^^^^^^^^^^^^^^^^^^^^^^^^^^^^^^^^^^^^^^^^^^^^^^^^^^^
  File "<project-root>/qa-integration/tools/build_macos.py", line 27, in run
    subprocess.run([str(x) for x in args], check=True, env=env, cwd=cwd)
    ~~~~~~~~~~~~~~^^^^^^^^^^^^^^^^^^^^^^^^^^^^^^^^^^^^^^^^^^^^^^^^^^^^^^
  File "/Library/Frameworks/Python.framework/Versions/3.14/lib/python3.14/subprocess.py", line 577, in run
    raise CalledProcessError(retcode, process.args,
                             output=stdout, stderr=stderr)
subprocess.CalledProcessError: Command '['/usr/bin/lipo', '-verify_arch', 'arm64', '<project-root>/qa-integration/prototype/export/takeover-r1/Yudian.app/Contents/MacOS/Yudian']' returned non-zero exit status 1.
