Godot Engine v4.7.2.stable.mono.official.ed1daf0bf - https://godotengine.org

[   0% ] first_scan_filesystem | Started 项目初始化 (5 steps)
[   0% ] first_scan_filesystem | 正在扫描文件结构……
[  16% ] first_scan_filesystem | 正在加载全局类名……
[  33% ] first_scan_filesystem | 正在校验 GDExtension……
[  50% ] first_scan_filesystem | 正在创建自动加载脚本……
[  66% ] first_scan_filesystem | 正在初始化插件……
[  83% ] first_scan_filesystem | 正在启动文件扫描……
[ DONE ] first_scan_filesystem

[   0% ] update_scripts_classes | Started 正在注册全局类…… (6 steps)
[   0% ] update_scripts_classes |
[  14% ] update_scripts_classes |
[  28% ] update_scripts_classes |
[  42% ] update_scripts_classes |
[  57% ] update_scripts_classes |
[  71% ] update_scripts_classes |
[ DONE ] update_scripts_classes

[   0% ] reimport | Started 正在导入或重新导入资产 (1 steps)
[   0% ] reimport | 正在准备重新导入文件……
[   0% ] reimport | 正在执行重新导入的前置操作……
[   0% ] reimport | art_i00.glb
[   0% ] import | Started 导入场景 (104 steps)
[   0% ] import | 导入场景中...
[   1% ] import | 执行自定义脚本...
[  99% ] import | 保存中...
[ DONE ] import

[  50% ] reimport | 正在结束资产导入……
[ DONE ] reimport

[   0% ] reimport | Started 正在导入或重新导入资产 (1 steps)
[   0% ] reimport | 正在执行重新导入的后置操作……
[ DONE ] reimport

[   0% ] loading_editor_layout | Started 正在加载编辑器 (5 steps)
[   0% ] loading_editor_layout | 正在加载编辑器布局……
[  16% ] loading_editor_layout | 正在加载停靠面板……
[ DONE ] loading_editor_layout

Godot Engine v4.7.2.stable.mono.official.ed1daf0bf - https://godotengine.org

[   0% ] first_scan_filesystem | Started 项目初始化 (5 steps)
[   0% ] first_scan_filesystem | 正在扫描文件结构……
[  16% ] first_scan_filesystem | 正在加载全局类名……
[  33% ] first_scan_filesystem | 正在校验 GDExtension……
[  50% ] first_scan_filesystem | 正在创建自动加载脚本……
[  66% ] first_scan_filesystem | 正在初始化插件……
[  83% ] first_scan_filesystem | 正在启动文件扫描……
[ DONE ] first_scan_filesystem

[   0% ] dotnet_build_project | Started Building .NET project... (1 steps)
[   0% ] dotnet_build_project | Building project
[   0% ] loading_editor_layout | Started 正在加载编辑器 (5 steps)
[   0% ] loading_editor_layout | 正在加载编辑器布局……
[  16% ] loading_editor_layout | 正在加载停靠面板……
[ DONE ] loading_editor_layout

[ DONE ] dotnet_build_project

ERROR: An EditorPlugin build callback failed.
   at: call_build (editor/editor_node.cpp:7678)
ERROR: Command line option --build-solutions was passed, but the build callback failed. Aborting.
   at: iteration (main/main.cpp:5192)
Traceback (most recent call last):
  File "<project-root>/qa-integration/tools/build_macos.py", line 126, in <module>
    main()
    ~~~~^^
  File "<project-root>/qa-integration/tools/build_macos.py", line 110, in main
    run([a.godot, '--headless', '--path', PROJECT, '--build-solutions', '--quit'], env)
    ~~~^^^^^^^^^^^^^^^^^^^^^^^^^^^^^^^^^^^^^^^^^^^^^^^^^^^^^^^^^^^^^^^^^^^^^^^^^^^^^^^^
  File "<project-root>/qa-integration/tools/build_macos.py", line 27, in run
    subprocess.run([str(x) for x in args], check=True, env=env, cwd=cwd)
    ~~~~~~~~~~~~~~^^^^^^^^^^^^^^^^^^^^^^^^^^^^^^^^^^^^^^^^^^^^^^^^^^^^^^
  File "/Library/Frameworks/Python.framework/Versions/3.14/lib/python3.14/subprocess.py", line 577, in run
    raise CalledProcessError(retcode, process.args,
                             output=stdout, stderr=stderr)
subprocess.CalledProcessError: Command '['<project-root>/tools-bin/Godot.app/Contents/MacOS/Godot', '--headless', '--path', '<project-root>/qa-integration/prototype', '--build-solutions', '--quit']' returned non-zero exit status 1.
