Godot Engine v4.7.2.stable.mono.official.ed1daf0bf - https://godotengine.org

CLR 10.0.12
Assembly.FullName Yudian, Version=1.0.0.0, Culture=neutral, PublicKeyToken=null
Assembly.Location 
Fresh Debug Yudian.dll SHA256 13DE00FE1184B06669EA8BD8F06CCBB2C010FE39A9DC78C575121AC50D1D0E36
Loaded MVID  9fc54505-6dc0-483b-99f9-7daf862e23e3
Fresh  MVID  9fc54505-6dc0-483b-99f9-7daf862e23e3
PASS identity: current worktree Debug/Yudian.dll loaded, MVID matches fresh build (SHA256 printed)
PASS corners: flat(Stage) mesh+shape all corners equal CPU emission one-to-one
PASS corners: sample-a(Heightfield) mesh+shape all corners equal CPU emission one-to-one
PASS independent bundles: distinct mesh/shape RIDs, equal content, alive until handover
PASS inputs preserved: CPU buffers unchanged after Create and Dispose
PASS rejections: null mesh / negative winding ArgumentException, no bundle, hook untouched
ERROR: Parameter "m" is null.
   at: mesh_get_surface_count (servers/rendering/dummy/storage/mesh_storage.h:151)
   C# backtrace (most recent call first):
       [0] int Godot.NativeCalls.godot_icall_1_865(nint, nint, Godot.Rid) (/root/godot/modules/mono/glue/GodotSharp/GodotSharp/Generated/NativeCalls.cs:7655)
       [1] int Godot.RenderingServer.MeshGetSurfaceCount(Godot.Rid) (/root/godot/modules/mono/glue/GodotSharp/GodotSharp/Generated/GodotObjects/RenderingServer.cs:3226)
       [2] void Yudian.Terrain.ProjectionResourcesTests.SimulatedMidFlightFailure() (<user>/yudian-game/terrain-projection-worker-20261005/prototype/scripts/TerrainProjection/Tests/ProjectionResourcesTests.cs:188)
       [3] void Yudian.Terrain.ProjectionResourcesTests.Check(string, System.Action) (<user>/yudian-game/terrain-projection-worker-20261005/prototype/scripts/TerrainProjection/Tests/ProjectionResourcesTests.cs:60)
       [4] void Yudian.Terrain.ProjectionResourcesTests._Ready() (<user>/yudian-game/terrain-projection-worker-20261005/prototype/scripts/TerrainProjection/Tests/ProjectionResourcesTests.cs:44)
       [5] bool Godot.Node.InvokeGodotClassMethod(Godot.NativeInterop.godot_string_name&, Godot.NativeInterop.NativeVariantPtrArgs, Godot.NativeInterop.godot_variant&) (/root/godot/modules/mono/glue/GodotSharp/GodotSharp/Generated/GodotObjects/Node.cs:2660)
       [6] bool Yudian.Terrain.ProjectionResourcesTests.InvokeGodotClassMethod(Godot.NativeInterop.godot_string_name&, Godot.NativeInterop.NativeVariantPtrArgs, Godot.NativeInterop.godot_variant&) (<user>/yudian-game/terrain-projection-worker-20261005/prototype/.godot/mono/temp/obj/Debug/Godot.SourceGenerators/Godot.SourceGenerators.ScriptMethodsGenerator/Yudian.Terrain.ProjectionResourcesTests_ScriptMethods.generated.cs:170)
       [7] Godot.NativeInterop.godot_bool Godot.Bridge.CSharpInstanceBridge.Call(nint, Godot.NativeInterop.godot_string_name*, Godot.NativeInterop.godot_variant**, int, Godot.NativeInterop.godot_variant_call_error*, Godot.NativeInterop.godot_variant*) (/root/godot/modules/mono/glue/GodotSharp/GodotSharp/Core/Bridge/CSharpInstanceBridge.cs:24)
SIMULATED (synthetic, not a real native allocation failure): simulated mid-flight failure after mesh creation (before shape creation), mesh RID RID(163208757248) released; this is a synthesized test exception, not a real native allocation failure
ERROR: Parameter "m" is null.
   at: mesh_get_surface_count (servers/rendering/dummy/storage/mesh_storage.h:151)
   C# backtrace (most recent call first):
       [0] int Godot.NativeCalls.godot_icall_1_865(nint, nint, Godot.Rid) (/root/godot/modules/mono/glue/GodotSharp/GodotSharp/Generated/NativeCalls.cs:7655)
       [1] int Godot.RenderingServer.MeshGetSurfaceCount(Godot.Rid) (/root/godot/modules/mono/glue/GodotSharp/GodotSharp/Generated/GodotObjects/RenderingServer.cs:3226)
       [2] void Yudian.Terrain.ProjectionResourcesTests.SimulatedMidFlightFailure() (<user>/yudian-game/terrain-projection-worker-20261005/prototype/scripts/TerrainProjection/Tests/ProjectionResourcesTests.cs:209)
       [3] void Yudian.Terrain.ProjectionResourcesTests.Check(string, System.Action) (<user>/yudian-game/terrain-projection-worker-20261005/prototype/scripts/TerrainProjection/Tests/ProjectionResourcesTests.cs:60)
       [4] void Yudian.Terrain.ProjectionResourcesTests._Ready() (<user>/yudian-game/terrain-projection-worker-20261005/prototype/scripts/TerrainProjection/Tests/ProjectionResourcesTests.cs:44)
       [5] bool Godot.Node.InvokeGodotClassMethod(Godot.NativeInterop.godot_string_name&, Godot.NativeInterop.NativeVariantPtrArgs, Godot.NativeInterop.godot_variant&) (/root/godot/modules/mono/glue/GodotSharp/GodotSharp/Generated/GodotObjects/Node.cs:2660)
       [6] bool Yudian.Terrain.ProjectionResourcesTests.InvokeGodotClassMethod(Godot.NativeInterop.godot_string_name&, Godot.NativeInterop.NativeVariantPtrArgs, Godot.NativeInterop.godot_variant&) (<user>/yudian-game/terrain-projection-worker-20261005/prototype/.godot/mono/temp/obj/Debug/Godot.SourceGenerators/Godot.SourceGenerators.ScriptMethodsGenerator/Yudian.Terrain.ProjectionResourcesTests_ScriptMethods.generated.cs:170)
       [7] Godot.NativeInterop.godot_bool Godot.Bridge.CSharpInstanceBridge.Call(nint, Godot.NativeInterop.godot_string_name*, Godot.NativeInterop.godot_variant**, int, Godot.NativeInterop.godot_variant_call_error*, Godot.NativeInterop.godot_variant*) (/root/godot/modules/mono/glue/GodotSharp/GodotSharp/Core/Bridge/CSharpInstanceBridge.cs:24)
PASS simulated mid-flight failure: InvalidOperationException after mesh, mesh RID proven released
ERROR: Parameter "m" is null.
   at: mesh_get_surface_count (servers/rendering/dummy/storage/mesh_storage.h:151)
   C# backtrace (most recent call first):
       [0] int Godot.NativeCalls.godot_icall_1_865(nint, nint, Godot.Rid) (/root/godot/modules/mono/glue/GodotSharp/GodotSharp/Generated/NativeCalls.cs:7655)
       [1] int Godot.RenderingServer.MeshGetSurfaceCount(Godot.Rid) (/root/godot/modules/mono/glue/GodotSharp/GodotSharp/Generated/GodotObjects/RenderingServer.cs:3226)
       [2] void Yudian.Terrain.ProjectionResourcesTests.RepeatDispose() (<user>/yudian-game/terrain-projection-worker-20261005/prototype/scripts/TerrainProjection/Tests/ProjectionResourcesTests.cs:229)
       [3] void Yudian.Terrain.ProjectionResourcesTests.Check(string, System.Action) (<user>/yudian-game/terrain-projection-worker-20261005/prototype/scripts/TerrainProjection/Tests/ProjectionResourcesTests.cs:60)
       [4] void Yudian.Terrain.ProjectionResourcesTests._Ready() (<user>/yudian-game/terrain-projection-worker-20261005/prototype/scripts/TerrainProjection/Tests/ProjectionResourcesTests.cs:45)
       [5] bool Godot.Node.InvokeGodotClassMethod(Godot.NativeInterop.godot_string_name&, Godot.NativeInterop.NativeVariantPtrArgs, Godot.NativeInterop.godot_variant&) (/root/godot/modules/mono/glue/GodotSharp/GodotSharp/Generated/GodotObjects/Node.cs:2660)
       [6] bool Yudian.Terrain.ProjectionResourcesTests.InvokeGodotClassMethod(Godot.NativeInterop.godot_string_name&, Godot.NativeInterop.NativeVariantPtrArgs, Godot.NativeInterop.godot_variant&) (<user>/yudian-game/terrain-projection-worker-20261005/prototype/.godot/mono/temp/obj/Debug/Godot.SourceGenerators/Godot.SourceGenerators.ScriptMethodsGenerator/Yudian.Terrain.ProjectionResourcesTests_ScriptMethods.generated.cs:170)
       [7] Godot.NativeInterop.godot_bool Godot.Bridge.CSharpInstanceBridge.Call(nint, Godot.NativeInterop.godot_string_name*, Godot.NativeInterop.godot_variant**, int, Godot.NativeInterop.godot_variant_call_error*, Godot.NativeInterop.godot_variant*) (/root/godot/modules/mono/glue/GodotSharp/GodotSharp/Core/Bridge/CSharpInstanceBridge.cs:24)
PASS dispose: idempotent, releases mesh+shape instances, access after dispose rejected
SUMMARY pass=8 fail=0
