Godot Engine v4.7.2.stable.mono.official.ed1daf0bf - https://godotengine.org

[   0% ] first_scan_filesystem | Started 项目初始化 (5 steps)
[   0% ] first_scan_filesystem | 正在扫描文件结构……
[  16% ] first_scan_filesystem | 正在加载全局类名……
[  33% ] first_scan_filesystem | 正在校验 GDExtension……
[  50% ] first_scan_filesystem | 正在创建自动加载脚本……
[  66% ] first_scan_filesystem | 正在初始化插件……
[  83% ] first_scan_filesystem | 正在启动文件扫描……
[ DONE ] first_scan_filesystem

[   0% ] update_scripts_classes | Started 正在注册全局类…… (2 steps)
[   0% ] update_scripts_classes |
[  33% ] update_scripts_classes |
[ DONE ] update_scripts_classes

[   0% ] _update_scan_actions | Started 正在扫描动作…… (8 steps)
[   0% ] _update_scan_actions | processor.glb
[  11% ] _update_scan_actions | solar.glb
[  22% ] _update_scan_actions | tuoyun.glb
[  33% ] _update_scan_actions | mars-ground-r1.glb
[  44% ] _update_scan_actions | preview-horizon.png
[  55% ] _update_scan_actions | preview-near.png
[  66% ] _update_scan_actions | preview-normal.png
[  77% ] _update_scan_actions | mars-outcrop-r1.glb
[ DONE ] _update_scan_actions

[   0% ] reimport | Started 正在导入或重新导入资产 (8 steps)
[   0% ] reimport | 正在准备重新导入文件……
[  11% ] reimport | 正在准备重新导入文件……
[  22% ] reimport | 正在准备重新导入文件……
[  33% ] reimport | 正在准备重新导入文件……
[  44% ] reimport | 正在准备重新导入文件……
[  55% ] reimport | 正在准备重新导入文件……
[  66% ] reimport | 正在准备重新导入文件……
[  77% ] reimport | 正在准备重新导入文件……
[   0% ] reimport | 正在执行重新导入的前置操作……
[   0% ] preload_reimporting_scene | Started 正在准备重新加载场景 (1 steps)
[   0% ] preload_reimporting_scene | 正在分析场景 [空]
[  50% ] preload_reimporting_scene | 准备完成。
[ DONE ] preload_reimporting_scene

[   0% ] reimport | preview-horizon.png
[  11% ] reimport | preview-near.png
[  22% ] reimport | preview-normal.png
[  33% ] reimport | processor.glb
[   0% ] import | Started 导入场景 (104 steps)
[   0% ] import | 导入场景中...
[   1% ] import | 执行自定义脚本...
[  99% ] import | 保存中...
[ DONE ] import

[  44% ] reimport | solar.glb
[   0% ] import | Started 导入场景 (104 steps)
[   0% ] import | 导入场景中...
[   1% ] import | 执行自定义脚本...
[  99% ] import | 保存中...
[ DONE ] import

[  55% ] reimport | tuoyun.glb
[   0% ] import | Started 导入场景 (104 steps)
[   0% ] import | 导入场景中...
[   1% ] import | 执行自定义脚本...
[  99% ] import | 保存中...
[ DONE ] import

[  66% ] reimport | mars-ground-r1.glb
[   0% ] import | Started 导入场景 (104 steps)
[   0% ] import | 导入场景中...
[   1% ] import | 执行自定义脚本...
[  99% ] import | 保存中...
[ DONE ] import

[  77% ] reimport | mars-outcrop-r1.glb
[   0% ] import | Started 导入场景 (104 steps)
[   0% ] import | 导入场景中...
[   1% ] import | 执行自定义脚本...
[  99% ] import | 保存中...
[ DONE ] import

[  88% ] reimport | 正在结束资产导入……
[ DONE ] reimport

[   0% ] reimport | Started 正在导入或重新导入资产 (8 steps)
[   0% ] reimport | 正在执行重新导入的后置操作……
[ DONE ] reimport

[   0% ] loading_editor_layout | Started 正在加载编辑器 (5 steps)
[   0% ] loading_editor_layout | 正在加载编辑器布局……
[  16% ] loading_editor_layout | 正在加载停靠面板……
[ DONE ] loading_editor_layout
