Godot Engine v4.7.2.stable.mono.official.ed1daf0bf - https://godotengine.org

MAIN_GROUND_IDENTITY build_sha256=4b8d8f44df3536ca6eb79da247901cc59cff6e9e8e8b58d6d5cb8d4d03f3a112 loaded_mvid=94095cac-0875-4b86-a597-280dc01aaa9a CLR=10.0.12 display=headless
[Yudian] fixture=s_small seed=20261004 facilities=0 robots=0 benchmark=False
MAIN_GROUND_SYNC authority=0 bound=0 verified=0 assigned_frame=0 query_frame=1 rays=4225
MAIN_GROUND_READY robots=12 facilities=1
MAIN_GROUND_COMMIT authority=1 bound=1 paused=True
MAIN_GROUND_SYNC authority=1 bound=1 verified=1 assigned_frame=115 query_frame=116 rays=52
PLAYER_SAVE_OK version=1 stage= time=34.53333333333325
MAIN_GROUND_SYNC authority=1 bound=1 verified=1 assigned_frame=268 query_frame=269 rays=4225
PLAYER_LOAD_READY version=1 stage= paused=True time=34.53333333333325
BOOTSTRAP_TEST_PROGRESS step=6 stage=Delivering time=65.1 cargo=3 reason=已真实取货，驮运载货前往工地
MAIN_GROUND_COMMIT authority=2 bound=2 paused=True
MAIN_GROUND_SYNC authority=2 bound=2 verified=2 assigned_frame=762 query_frame=763 rays=28
BOOTSTRAP_TEST_PROGRESS step=7 stage=Delivering time=131.7 cargo=3 reason=已真实取货，驮运载货前往工地
BOOTSTRAP_TEST_PROGRESS step=9 stage=LevelTravel time=198.4 cargo=0 reason=筑垒前往整平施工站
MAIN_GROUND_COMMIT authority=3 bound=3 paused=True
MAIN_GROUND_SYNC authority=3 bound=3 verified=3 assigned_frame=1563 query_frame=1564 rays=46
BOOTSTRAP_TEST_PROGRESS step=10 stage=Delivering time=265.1 cargo=4 reason=已真实取货，驮运载货前往工地
BOOTSTRAP_TEST_PROGRESS step=11 stage=LevelTravel time=331.7 cargo=0 reason=筑垒前往整平施工站
MAIN_GROUND_COMMIT authority=4 bound=4 paused=True
MAIN_GROUND_SYNC authority=4 bound=4 verified=4 assigned_frame=2592 query_frame=2593 rays=56
BOOTSTRAP_TEST_PROGRESS step=11 stage=Delivering time=398.4 cargo=8 reason=已真实取货，驮运载货前往工地
BOOTSTRAP_TEST_PROGRESS step=12 stage=Pickup time=465.1 cargo=0 reason=驮运前往着陆器取货
PLAYER_SAVE_OK version=4 stage= time=505.8666666666482
MAIN_GROUND_COMMIT authority=5 bound=5 paused=True
MAIN_GROUND_SYNC authority=5 bound=5 verified=5 assigned_frame=3897 query_frame=3898 rays=81
BOOTSTRAP_TEST_PROGRESS step=13 stage=Delivering time=531.7 cargo=8 reason=已真实取货，驮运载货前往工地
BOOTSTRAP_TEST_PROGRESS step=13 stage=Pickup time=598.4 cargo=0 reason=执行者停机；货物与工程保留，救援尚待D2
BOOTSTRAP_TEST_PROGRESS step=13 stage=Pickup time=665.1 cargo=0 reason=执行者停机；货物与工程保留，救援尚待D2
BOOTSTRAP_TEST_PROGRESS step=13 stage=Pickup time=731.7 cargo=0 reason=执行者停机；货物与工程保留，救援尚待D2
BOOTSTRAP_TEST_PROGRESS step=13 stage=Pickup time=798.4 cargo=0 reason=执行者停机；货物与工程保留，救援尚待D2
BOOTSTRAP_TEST_PROGRESS step=13 stage=Pickup time=865.1 cargo=0 reason=执行者停机；货物与工程保留，救援尚待D2
BOOTSTRAP_TEST_PROGRESS step=13 stage=Pickup time=931.7 cargo=0 reason=执行者停机；货物与工程保留，救援尚待D2
BOOTSTRAP_TEST_PROGRESS step=13 stage=Pickup time=998.4 cargo=0 reason=执行者停机；货物与工程保留，救援尚待D2
BOOTSTRAP_TEST_PROGRESS step=13 stage=Pickup time=1065.1 cargo=0 reason=执行者停机；货物与工程保留，救援尚待D2
BOOTSTRAP_TEST_PROGRESS step=13 stage=Pickup time=1131.7 cargo=0 reason=执行者停机；货物与工程保留，救援尚待D2
BOOTSTRAP_TEST_PROGRESS step=13 stage=Pickup time=1198.4 cargo=0 reason=执行者停机；货物与工程保留，救援尚待D2
BOOTSTRAP_TEST_PROGRESS step=13 stage=Pickup time=1265.1 cargo=0 reason=执行者停机；货物与工程保留，救援尚待D2
BOOTSTRAP_TEST_PROGRESS step=13 stage=Pickup time=1331.7 cargo=0 reason=执行者停机；货物与工程保留，救援尚待D2
BOOTSTRAP_TEST_PROGRESS step=13 stage=Pickup time=1398.4 cargo=0 reason=执行者停机；货物与工程保留，救援尚待D2
BOOTSTRAP_TEST_PROGRESS step=13 stage=Pickup time=1465.1 cargo=0 reason=执行者停机；货物与工程保留，救援尚待D2
BOOTSTRAP_TEST_PROGRESS step=13 stage=Pickup time=1531.7 cargo=0 reason=执行者停机；货物与工程保留，救援尚待D2
BOOTSTRAP_TEST_PROGRESS step=13 stage=Pickup time=1598.4 cargo=0 reason=执行者停机；货物与工程保留，救援尚待D2
BOOTSTRAP_TEST_PROGRESS step=13 stage=Pickup time=1665.1 cargo=0 reason=执行者停机；货物与工程保留，救援尚待D2
BOOTSTRAP_TEST_PROGRESS step=13 stage=Pickup time=1731.7 cargo=0 reason=执行者停机；货物与工程保留，救援尚待D2
BOOTSTRAP_TEST_PROGRESS step=13 stage=Pickup time=1798.4 cargo=0 reason=执行者停机；货物与工程保留，救援尚待D2
BOOTSTRAP_TEST_PROGRESS step=13 stage=Pickup time=1865.1 cargo=0 reason=执行者停机；货物与工程保留，救援尚待D2
BOOTSTRAP_TEST_PROGRESS step=13 stage=Pickup time=1931.7 cargo=0 reason=执行者停机；货物与工程保留，救援尚待D2
BOOTSTRAP_TEST_PROGRESS step=13 stage=Pickup time=1998.4 cargo=0 reason=执行者停机；货物与工程保留，救援尚待D2
BOOTSTRAP_TEST_PROGRESS step=13 stage=Pickup time=2065.1 cargo=0 reason=执行者停机；货物与工程保留，救援尚待D2
BOOTSTRAP_TEST_PROGRESS step=13 stage=Pickup time=2131.7 cargo=0 reason=执行者停机；货物与工程保留，救援尚待D2
BOOTSTRAP_TEST_PROGRESS step=13 stage=Pickup time=2198.4 cargo=0 reason=执行者停机；货物与工程保留，救援尚待D2
BOOTSTRAP_TEST_PROGRESS step=13 stage=Pickup time=2265.1 cargo=0 reason=执行者停机；货物与工程保留，救援尚待D2
BOOTSTRAP_TEST_PROGRESS step=13 stage=Pickup time=2331.7 cargo=0 reason=执行者停机；货物与工程保留，救援尚待D2
BOOTSTRAP_TEST_PROGRESS step=13 stage=Pickup time=2398.4 cargo=0 reason=执行者停机；货物与工程保留，救援尚待D2
MAIN_GROUND_PAUSED bootstrap timeout step=13 stage=Pickup reason=执行者停机；货物与工程保留，救援尚待D2 health=Robot_Wangshan_1:100.0/100.0:;Robot_Wangshan_2:100.0/100.0:;Robot_Wangshan_3:100.0/100.0:;Robot_Wangshan_4:100.0/100.0:;Robot_Zhulei_1:100.0/100.0:;Robot_Zhulei_2:73.7/91.6:;Robot_Zhulei_3:100.0/100.0:;Robot_Zhulei_4:96.4/99.3:;Robot_Tuoyun_1:0.0/80.6:低电量；没有可达且有电的充电位;Robot_Tuoyun_2:100.0/100.0:;Robot_Tuoyun_3:100.0/100.0:;Robot_Tuoyun_4:100.0/100.0:
ERROR: [Yudian] InvalidOperationException: bootstrap timeout step=13 stage=Pickup reason=执行者停机；货物与工程保留，救援尚待D2 health=Robot_Wangshan_1:100.0/100.0:;Robot_Wangshan_2:100.0/100.0:;Robot_Wangshan_3:100.0/100.0:;Robot_Wangshan_4:100.0/100.0:;Robot_Zhulei_1:100.0/100.0:;Robot_Zhulei_2:73.7/91.6:;Robot_Zhulei_3:100.0/100.0:;Robot_Zhulei_4:96.4/99.3:;Robot_Tuoyun_1:0.0/80.6:低电量；没有可达且有电的充电位;Robot_Tuoyun_2:100.0/100.0:;Robot_Tuoyun_3:100.0/100.0:;Robot_Tuoyun_4:100.0/100.0:
   at: void Yudian.Main.Fail(System.Exception) (res://scripts/Main.cs:539)
   C# backtrace (most recent call first):
       [0] void Godot.GD.PushError(string) (/root/godot/modules/mono/glue/GodotSharp/GodotSharp/Core/GD.cs:366)
       [1] void Yudian.Main.Fail(System.Exception) (<PROJECT_ROOT>/d11-bootstrap-r1/prototype/scripts/Main.cs:539)
       [2] void Yudian.Main._PhysicsProcess(double) (<PROJECT_ROOT>/d11-bootstrap-r1/prototype/scripts/Main.LiveTerrain.cs:108)
       [3] bool Godot.Node.InvokeGodotClassMethod(Godot.NativeInterop.godot_string_name&, Godot.NativeInterop.NativeVariantPtrArgs, Godot.NativeInterop.godot_variant&) (/root/godot/modules/mono/glue/GodotSharp/GodotSharp/Generated/GodotObjects/Node.cs:2648)
       [4] bool Godot.Node3D.InvokeGodotClassMethod(Godot.NativeInterop.godot_string_name&, Godot.NativeInterop.NativeVariantPtrArgs, Godot.NativeInterop.godot_variant&) (/root/godot/modules/mono/glue/GodotSharp/GodotSharp/Generated/GodotObjects/Node3D.cs:1127)
       [5] bool Yudian.Main.InvokeGodotClassMethod(Godot.NativeInterop.godot_string_name&, Godot.NativeInterop.NativeVariantPtrArgs, Godot.NativeInterop.godot_variant&) (<PROJECT_ROOT>/d11-bootstrap-r1/prototype/.godot/mono/temp/obj/Debug/Godot.SourceGenerators/Godot.SourceGenerators.ScriptMethodsGenerator/Yudian.Main_ScriptMethods.generated.cs:890)
       [6] Godot.NativeInterop.godot_bool Godot.Bridge.CSharpInstanceBridge.Call(nint, Godot.NativeInterop.godot_string_name*, Godot.NativeInterop.godot_variant**, int, Godot.NativeInterop.godot_variant_call_error*, Godot.NativeInterop.godot_variant*) (/root/godot/modules/mono/glue/GodotSharp/GodotSharp/Core/Bridge/CSharpInstanceBridge.cs:24)
