Godot Engine v4.7.2.stable.mono.official.ed1daf0bf - https://godotengine.org

ERROR: BUG: Unreferenced static string to 0: Physics3DConstraintSolveIslands
   at: unref (core/string/string_name.cpp:118)
ERROR: BUG: Unreferenced static string to 0: Physics3DConstraintSetup
   at: unref (core/string/string_name.cpp:118)
ERROR: BUG: Unreferenced static string to 0: .
   at: unref (core/string/string_name.cpp:118)
ERROR: BUG: Unreferenced static string to 0: _create_mesh_array
   at: unref (core/string/string_name.cpp:118)
ERROR: BUG: Unreferenced static string to 0: markers
   at: unref (core/string/string_name.cpp:118)
ERROR: BUG: Unreferenced static string to 0: _compression
   at: unref (core/string/string_name.cpp:118)
ERROR: BUG: Unreferenced static string to 0: _shaped_text_get_line_breaks
   at: unref (core/string/string_name.cpp:118)
ERROR: BUG: Unreferenced static string to 0: Variant
   at: unref (core/string/string_name.cpp:118)
ERROR: BUG: Unreferenced static string to 0: _set_path_cache
   at: unref (core/string/string_name.cpp:118)
ERROR: BUG: Unreferenced static string to 0: _enter_world
   at: unref (core/string/string_name.cpp:118)
ERROR: BUG: Unreferenced static string to 0: _initialize
   at: unref (core/string/string_name.cpp:118)
ERROR: BUG: Unreferenced static string to 0: _exists
   at: unref (core/string/string_name.cpp:118)
ERROR: BUG: Unreferenced static string to 0: _recognize_path
   at: unref (core/string/string_name.cpp:118)
ERROR: Pages in use exist at exit in PagedAllocator: N10StringName5_DataE
   at: ~PagedAllocator (./core/templates/paged_allocator.h:170)
libc++abi: terminating due to uncaught exception of type std::__1::system_error: recursive_mutex lock failed: Invalid argument
libc++abi: terminating due to uncaught exception of type std::__1::system_error: mutex lock failed: Invalid argument
MAIN_GROUND_IDENTITY build_sha256=a7c79c408d3cce6719b70305690e87da2f935ab609a34f5dbbc27ea9fd5e54fb loaded_mvid=47c8792b-0bf0-433f-ae0d-74e0fff43733 CLR=8.0.31 display=headless
[Yudian] fixture=s_small seed=20261004 facilities=0 robots=0 benchmark=False
MAIN_GROUND_SYNC authority=0 bound=0 verified=0 assigned_frame=0 query_frame=1 rays=4225
MAIN_GROUND_READY robots=12 facilities=1
