Godot Engine v4.7.2.stable.mono.official.ed1daf0bf - https://godotengine.org

MAIN_GROUND_IDENTITY build_sha256=81a9bba6515580a006f873a4eb17df8afc68207429c5d28c1f68c2861730e723 loaded_mvid=3551f434-ec49-4b7c-97fa-00a2f56e8790 CLR=10.0.12 display=headless
[Yudian] fixture=s_small seed=20261004 facilities=0 robots=0 benchmark=False
MAIN_GROUND_SYNC authority=0 bound=0 verified=0 assigned_frame=0 query_frame=1 rays=4225
MAIN_GROUND_READY robots=12 facilities=1
MAIN_GROUND_COMMIT authority=1 bound=1 paused=True
MAIN_GROUND_SYNC authority=1 bound=1 verified=1 assigned_frame=113 query_frame=114 rays=52
PLAYER_SAVE_OK version=1 stage= time=34.49999999999992
MAIN_GROUND_SYNC authority=1 bound=1 verified=1 assigned_frame=266 query_frame=267 rays=4225
PLAYER_LOAD_READY version=1 stage= paused=True time=34.49999999999992
BOOTSTRAP_TEST_PROGRESS step=6 stage=Delivering time=65.3 cargo=3 reason=已真实取货，驮运载货前往工地
MAIN_GROUND_COMMIT authority=2 bound=2 paused=True
MAIN_GROUND_SYNC authority=2 bound=2 verified=2 assigned_frame=760 query_frame=761 rays=28
BOOTSTRAP_TEST_PROGRESS step=7 stage=Delivering time=132.0 cargo=3 reason=已真实取货，驮运载货前往工地
BOOTSTRAP_TEST_PROGRESS step=9 stage=LevelTravel time=198.6 cargo=0 reason=筑垒前往整平施工站
MAIN_GROUND_COMMIT authority=3 bound=3 paused=True
MAIN_GROUND_SYNC authority=3 bound=3 verified=3 assigned_frame=1561 query_frame=1562 rays=46
BOOTSTRAP_TEST_PROGRESS step=10 stage=Delivering time=265.3 cargo=4 reason=已真实取货，驮运载货前往工地
BOOTSTRAP_TEST_PROGRESS step=11 stage=LevelTravel time=332.0 cargo=0 reason=筑垒前往整平施工站
MAIN_GROUND_COMMIT authority=4 bound=4 paused=True
MAIN_GROUND_SYNC authority=4 bound=4 verified=4 assigned_frame=2590 query_frame=2591 rays=56
BOOTSTRAP_TEST_PROGRESS step=11 stage=Delivering time=398.6 cargo=8 reason=已真实取货，驮运载货前往工地
BOOTSTRAP_TEST_PROGRESS step=12 stage=Pickup time=465.3 cargo=0 reason=驮运前往着陆器取货
PLAYER_SAVE_OK version=4 stage= time=505.8333333333149
MAIN_GROUND_COMMIT authority=5 bound=5 paused=True
MAIN_GROUND_SYNC authority=5 bound=5 verified=5 assigned_frame=3895 query_frame=3896 rays=81
BOOTSTRAP_TEST_PROGRESS step=13 stage=Delivering time=532.0 cargo=8 reason=已真实取货，驮运载货前往工地
BOOTSTRAP_TEST_PROGRESS step=13 stage=Delivering time=598.6 cargo=1 reason=保障中，原工程、载荷与进度保留
BOOTSTRAP_TEST_PROGRESS step=14 stage=Building time=665.3 cargo=0 reason=保障中，原工程、载荷与进度保留
PLAYER_SAVE_OK version=5 stage= time=670.7666666666389
BOOTSTRAP_TEST_PROGRESS step=15 stage=Building time=732.0 cargo=0 reason=保障中，原工程、载荷与进度保留
MAIN_GROUND_COMMIT authority=6 bound=6 paused=True
MAIN_GROUND_SYNC authority=6 bound=6 verified=6 assigned_frame=5644 query_frame=5645 rays=79
BOOTSTRAP_TEST_PROGRESS step=13 stage=Pickup time=798.6 cargo=0 reason=驮运前往着陆器取货
BOOTSTRAP_TEST_PROGRESS step=14 stage=Building time=865.3 cargo=0 reason=保障中，原工程、载荷与进度保留
PLAYER_SAVE_OK version=6 stage= time=876.4999999999606
BOOTSTRAP_TEST_PROGRESS step=15 stage=Building time=932.0 cargo=0 reason=保障中，原工程、载荷与进度保留
PLAYER_SAVE_OK version=6 stage= time=939.9666666666236
MAIN_GROUND_SYNC authority=6 bound=6 verified=6 assigned_frame=7062 query_frame=7063 rays=4225
PLAYER_LOAD_READY version=6 stage= paused=True time=939.9666666666236
PLAYER_SAVE_OK version=6 stage= time=940.3666666666236
PLAYER_SAVE_OK version=6 stage= time=940.3666666666236
MAIN_GROUND_SYNC authority=6 bound=6 verified=6 assigned_frame=7070 query_frame=7071 rays=4225
PLAYER_LOAD_READY version=6 stage= paused=True time=940.3666666666236
LEVEL_JOB_START id=level-1 worker=Robot_Zhulei_3 base=6 station=(19.475, 0.3441453, -8) distance=2.068
LEVEL_JOB_ARRIVED id=level-1 seconds=1.467 position=(19.508268, 0.35818383, -8.188686)
BOOTSTRAP_TEST_PROGRESS step=24 stage= time=997.3 cargo=0 reason=
PLAYER_SAVE_OK version=6 stage=Working time=1062.3666666666493
BOOTSTRAP_TEST_PROGRESS step=24 stage= time=1064.0 cargo=0 reason=
BOOTSTRAP_TEST_PROGRESS step=24 stage= time=1130.6 cargo=0 reason=
BOOTSTRAP_TEST_PROGRESS step=24 stage= time=1197.3 cargo=0 reason=
PLAYER_SAVE_OK version=6 stage=Working time=1232.1000000001177
MAIN_GROUND_SYNC authority=6 bound=6 verified=6 assigned_frame=9263 query_frame=9264 rays=4225
PLAYER_LOAD_READY version=6 stage=Working paused=True time=1232.1000000001177
MAIN_GROUND_COMMIT authority=7 bound=7 paused=True
LEVEL_JOB_COMMIT id=level-1 status=Committed applied=7 verified=none
MAIN_GROUND_SYNC authority=7 bound=7 verified=7 assigned_frame=9384 query_frame=9385 rays=15
LEVEL_JOB_END id=level-1 stage=Completed base=6 applied=7 current=7 message=整平已提交，物理验证完成
LEVEL_JOB_START id=level-2 worker=Robot_Zhulei_3 base=7 station=(19.475, 0.14529657, -4) distance=3.948
LEVEL_JOB_ARRIVED id=level-2 seconds=2.667 position=(19.481625, 0.15164885, -4.055238)
BOOTSTRAP_TEST_PROGRESS step=24 stage= time=1263.3 cargo=0 reason=
LEVEL_JOB_END id=level-2 stage=Cancelled base=7 applied=none current=7 message=已取消；未改造地形
PLAYER_SAVE_OK version=7 stage=Cancelled time=1294.7666666668342
BOOTSTRAP_TEST PASS cycles=2 built=7 levelReturn=true time=1294.8 elapsed=1294.7 source=81a9bba6515580a006f873a4eb17df8afc68207429c5d28c1f68c2861730e723
