Godot Engine v4.7.2.stable.mono.official.ed1daf0bf - https://godotengine.org
Metal 4.0 - Forward+ - Using Device #0: Apple - Apple M3 Pro (Apple9)

ERROR: BUG: Unreferenced static string to 0: luminance_buffers
   at: unref (core/string/string_name.cpp:118)
ERROR: BUG: Unreferenced static string to 0: color_upscaled
   at: unref (core/string/string_name.cpp:118)
ERROR: BUG: Unreferenced static string to 0: mip_level
   at: unref (core/string/string_name.cpp:118)
ERROR: BUG: Unreferenced static string to 0: ssr
   at: unref (core/string/string_name.cpp:118)
ERROR: BUG: Unreferenced static string to 0: rb_ssr
   at: unref (core/string/string_name.cpp:118)
ERROR: BUG: Unreferenced static string to 0: rb_ssil
   at: unref (core/string/string_name.cpp:118)
ERROR: BUG: Unreferenced static string to 0: reflection
   at: unref (core/string/string_name.cpp:118)
ERROR: BUG: Unreferenced static string to 0: ambient
   at: unref (core/string/string_name.cpp:118)
ERROR: BUG: Unreferenced static string to 0: final
   at: unref (core/string/string_name.cpp:118)
ERROR: BUG: Unreferenced static string to 0: rb_ssao
   at: unref (core/string/string_name.cpp:118)
ERROR: BUG: Unreferenced static string to 0: blur_0
   at: unref (core/string/string_name.cpp:118)
ERROR: BUG: Unreferenced static string to 0: back_color
   at: unref (core/string/string_name.cpp:118)
ERROR: BUG: Unreferenced static string to 0: back_depth
   at: unref (core/string/string_name.cpp:118)
ERROR: BUG: Unreferenced static string to 0: voxel_gi
   at: unref (core/string/string_name.cpp:118)
ERROR: BUG: Unreferenced static string to 0: normal_roughness
   at: unref (core/string/string_name.cpp:118)
ERROR: BUG: Unreferenced static string to 0: VRS
   at: unref (core/string/string_name.cpp:118)
ERROR: BUG: Unreferenced static string to 0: Fog
   at: unref (core/string/string_name.cpp:118)
ERROR: BUG: Unreferenced static string to 0: sdfgi
   at: unref (core/string/string_name.cpp:118)
ERROR: BUG: Unreferenced static string to 0: Physics3DConstraintSolveIslands
   at: unref (core/string/string_name.cpp:118)
ERROR: BUG: Unreferenced static string to 0: Physics3DConstraintSetup
   at: unref (core/string/string_name.cpp:118)
ERROR: BUG: Unreferenced static string to 0: .
   at: unref (core/string/string_name.cpp:118)
ERROR: BUG: Unreferenced static string to 0: _create_mesh_array
   at: unref (core/string/string_name.cpp:118)
ERROR: BUG: Unreferenced static string to 0: markers
   at: unref (core/string/string_name.cpp:118)
ERROR: BUG: Unreferenced static string to 0: _compression
   at: unref (core/string/string_name.cpp:118)
ERROR: No render buffer nor reflection atlas, bug
   at: _render_scene (servers/rendering/renderer_rd/forward_clustered/render_forward_clustered.cpp:1765)
ERROR: BUG: Unreferenced static string to 0: _get_hex_code_box_size
   at: unref (core/string/string_name.cpp:118)
ERROR: BUG: Unreferenced static string to 0: _shaped_text_get_line_breaks
   at: unref (core/string/string_name.cpp:118)
ERROR: BUG: Unreferenced static string to 0: Variant
   at: unref (core/string/string_name.cpp:118)
ERROR: BUG: Unreferenced static string to 0: _set_path_cache
   at: unref (core/string/string_name.cpp:118)
ERROR: BUG: Unreferenced static string to 0: _enter_world
   at: unref (core/string/string_name.cpp:118)
ERROR: BUG: Unreferenced static string to 0: _initialize
   at: unref (core/string/string_name.cpp:118)
ERROR: BUG: Unreferenced static string to 0: _exists
   at: unref (core/string/string_name.cpp:118)
ERROR: BUG: Unreferenced static string to 0: _recognize_path
   at: unref (core/string/string_name.cpp:118)
ERROR: BUG: Unreferenced static string to 0: _reset_state
   at: unref (core/string/string_name.cpp:118)
ERROR: No render buffer nor reflection atlas, bug
   at: _render_scene (servers/rendering/renderer_rd/forward_clustered/render_forward_clustered.cpp:1765)
ERROR: Pages in use exist at exit in PagedAllocator: N10StringName5_DataE
   at: ~PagedAllocator (./core/templates/paged_allocator.h:170)
libc++abi: terminating due to uncaught exception of type std::__1::system_error: mutex lock failed: Invalid argument
MAIN_GROUND_IDENTITY build_sha256=16a3cc40ad05729804325014fdd5c8079e88fb170dc5c56284b75a970a22fce7 loaded_mvid=0eb8b453-0c6a-4dfc-9d63-c58031c24a00 CLR=8.0.31 display=macOS
[Yudian] fixture=s_small seed=20261004 facilities=0 robots=0 benchmark=False
MAIN_GROUND_SYNC authority=0 bound=0 verified=0 assigned_frame=0 query_frame=1 rays=4225
MAIN_GROUND_READY robots=12 facilities=1
libc++abi: terminating due to uncaught exception of type std::__1::system_error: recursive_mutex lock failed: Invalid argument
