Godot Engine v4.7.2.stable.mono.official.ed1daf0bf - https://godotengine.org

MAIN_GROUND_IDENTITY build_sha256=729307ee05a73578d82d408cbad76675d808f233c1d459b4d61530dbe8f54bce loaded_mvid=46670d16-a63a-4a92-9a17-8fbd0f0546b3 CLR=8.0.31 display=headless
[Yudian] fixture=s_small seed=20261004 facilities=0 robots=0 benchmark=False
MAIN_GROUND_SYNC authority=0 bound=0 verified=0 assigned_frame=0 query_frame=1 rays=4225
MAIN_GROUND_READY robots=12 facilities=6
PLAYER_REACHABILITY Robot_Zhulei_1 mound=可整平 · 半径 2m，目标高度 0m
PLAYER_REACHABILITY Robot_Zhulei_2 mound=可整平 · 半径 2m，目标高度 0m
PLAYER_REACHABILITY Robot_Zhulei_3 mound=可整平 · 半径 2m，目标高度 0m
PLAYER_REACHABILITY Robot_Zhulei_4 mound=可整平 · 半径 2m，目标高度 0m
PLAYER_TEST_STEP PASS 0
PLAYER_TEST_STEP PASS 1
MAIN_GROUND_SYNC authority=0 bound=0 verified=0 assigned_frame=101 query_frame=102 rays=4225
PLAYER_TEST_STEP PASS 2
PLAYER_TEST_STEP PASS 3
PLAYER_TEST_STEP PASS 4
PLAYER_TEST_STEP PASS 5
PLAYER_TEST_STEP PASS 6
LEVEL_JOB_START id=level-1 worker=Robot_Zhulei_3 base=0 station=(17.475, 0.7815442, -10) distance=2.525
PLAYER_TEST_STEP PASS 7
LEVEL_JOB_ARRIVED id=level-1 seconds=1.550 position=(17.70607, 0.75251305, -9.999827)
PLAYER_TEST_STEP PASS 8
PLAYER_TEST_STEP PASS 9
PLAYER_SAVE_OK version=0 stage=Working time=3.649999999999992
PLAYER_CROSS_PROCESS_PREPARE PASS
