Godot Engine v4.7.2.stable.mono.official.ed1daf0bf - https://godotengine.org
Metal 4.0 - Forward+ - Using Device #0: Apple - Apple M3 Pro (Apple9)

PROBE_CHECK PASS loaded MVID matches current Debug build
PROBE_IDENTITY CLR=10.0.12 assembly_location='' fresh_file=$WORKTREE/prototype/.godot/mono/temp/bin/Debug/Yudian.dll SHA256=0E60CFB1ADB4B2E61D2018FEBE8234FADF8F82C44D9EC5629726227CB386F41E loaded_MVID=accde2ce-159c-4315-9b7d-21538329f5c5 fresh_MVID=accde2ce-159c-4315-9b7d-21538329f5c5 display=macOS adapter=Apple M3 Pro (Apple9)
PROBE_CHECK PASS material path argument
PROBE_CHECK PASS material and cull-check modes exclusive
PROBE_MATERIAL path=res://assets/materials/art-r1/soil_mars.tres file_SHA256=5F8AA3E483006E74E69CBDA1385C2392C2F4F71F73B4129F957F2E15ADF8A4F6 RID=RID(4002909519882) binding=surface0
PROBE_PHYSICS configured_backend=DEFAULT server_class=PhysicsServer3D layers=1,2 masks=0
PROBE_QUEUE request=base active=none
PROBE_REPLACE mode=base replacements=1 base_version=9 Stage cpu=49 emitted=216 triangles=72 build+submit_ms=5.120 Heightfield cpu=169 emitted=864 triangles=288 build+submit_ms=0.400
PROBE_CHECK PASS body binding and display transform
PROBE_CHECK PASS ray hits expected body
PROBE_CHECK PASS ray world position matches independent planar height
PROBE_CHECK PASS ray normal finite unit upward
PROBE_CHECK PASS ray hits expected body
PROBE_CHECK PASS ray world position matches independent planar height
PROBE_CHECK PASS ray normal finite unit upward
PROBE_CHECK PASS backside outside wrong-mask rays miss
PROBE_CHECK PASS body binding and display transform
PROBE_CHECK PASS ray hits expected body
PROBE_CHECK PASS ray world position matches independent planar height
PROBE_CHECK PASS ray normal finite unit upward
PROBE_CHECK PASS ray hits expected body
PROBE_CHECK PASS ray world position matches independent planar height
PROBE_CHECK PASS ray normal finite unit upward
PROBE_CHECK PASS backside outside wrong-mask rays miss
PROBE_CHECK PASS accepted art material binds only surface0
PROBE_PHYSICS_SYNCED mode=base replacements=1 assigned_frame=1 query_frame=2 stage_body=34393294310 fine_body=34410071527 center=3.5 nonvertex=3.1625
PROBE_QUEUE request=level active=base
PROBE_REPLACE mode=level replacements=2 base_version=9 Stage cpu=49 emitted=216 triangles=72 build+submit_ms=0.881 Heightfield cpu=169 emitted=864 triangles=288 build+submit_ms=0.186
PROBE_CHECK PASS body binding and display transform
PROBE_CHECK PASS ray hits expected body
PROBE_CHECK PASS ray world position matches independent planar height
PROBE_CHECK PASS ray normal finite unit upward
PROBE_CHECK PASS ray hits expected body
PROBE_CHECK PASS ray world position matches independent planar height
PROBE_CHECK PASS ray normal finite unit upward
PROBE_CHECK PASS backside outside wrong-mask rays miss
PROBE_CHECK PASS body binding and display transform
PROBE_CHECK PASS ray hits expected body
PROBE_CHECK PASS ray world position matches independent planar height
PROBE_CHECK PASS ray normal finite unit upward
PROBE_CHECK PASS ray hits expected body
PROBE_CHECK PASS ray world position matches independent planar height
PROBE_CHECK PASS ray normal finite unit upward
PROBE_CHECK PASS backside outside wrong-mask rays miss
PROBE_CHECK PASS accepted art material binds only surface0
PROBE_PHYSICS_SYNCED mode=level replacements=2 assigned_frame=2504 query_frame=2505 stage_body=34393294310 fine_body=34410071527 center=0.4 nonvertex=0.4
PROBE_QUEUE request=level active=level
PROBE_NOOP mode=level replacements=2
PROBE_QUEUE request=stale active=level
PROBE_REJECT mode=level replacements=2 reason=base.version mismatch: patch base 9 vs current 10
PROBE_QUEUE request=perimeter active=level
PROBE_REJECT mode=level replacements=2 reason=heights_m[0] (row 0, column 0) is on the locked perimeter and must equal the base height at this index
PROBE_QUEUE request=dig active=level
PROBE_REPLACE mode=dig replacements=3 base_version=9 Stage cpu=49 emitted=216 triangles=72 build+submit_ms=0.480 Heightfield cpu=169 emitted=864 triangles=288 build+submit_ms=0.143
PROBE_CHECK PASS body binding and display transform
PROBE_CHECK PASS ray hits expected body
PROBE_CHECK PASS ray world position matches independent planar height
PROBE_CHECK PASS ray normal finite unit upward
PROBE_CHECK PASS ray hits expected body
PROBE_CHECK PASS ray world position matches independent planar height
PROBE_CHECK PASS ray normal finite unit upward
PROBE_CHECK PASS backside outside wrong-mask rays miss
PROBE_CHECK PASS body binding and display transform
PROBE_CHECK PASS ray hits expected body
PROBE_CHECK PASS ray world position matches independent planar height
PROBE_CHECK PASS ray normal finite unit upward
PROBE_CHECK PASS ray hits expected body
PROBE_CHECK PASS ray world position matches independent planar height
PROBE_CHECK PASS ray normal finite unit upward
PROBE_CHECK PASS backside outside wrong-mask rays miss
PROBE_CHECK PASS accepted art material binds only surface0
PROBE_PHYSICS_SYNCED mode=dig replacements=3 assigned_frame=4592 query_frame=4593 stage_body=34393294310 fine_body=34410071527 center=-1.25 nonvertex=-1.25
PROBE_QUEUE request=dig active=dig
PROBE_NOOP mode=dig replacements=3
PROBE_QUEUE request=base active=dig
PROBE_REPLACE mode=base replacements=4 base_version=9 Stage cpu=49 emitted=216 triangles=72 build+submit_ms=0.190 Heightfield cpu=169 emitted=864 triangles=288 build+submit_ms=0.232
PROBE_CHECK PASS body binding and display transform
PROBE_CHECK PASS ray hits expected body
PROBE_CHECK PASS ray world position matches independent planar height
PROBE_CHECK PASS ray normal finite unit upward
PROBE_CHECK PASS ray hits expected body
PROBE_CHECK PASS ray world position matches independent planar height
PROBE_CHECK PASS ray normal finite unit upward
PROBE_CHECK PASS backside outside wrong-mask rays miss
PROBE_CHECK PASS body binding and display transform
PROBE_CHECK PASS ray hits expected body
PROBE_CHECK PASS ray world position matches independent planar height
PROBE_CHECK PASS ray normal finite unit upward
PROBE_CHECK PASS ray hits expected body
PROBE_CHECK PASS ray world position matches independent planar height
PROBE_CHECK PASS ray normal finite unit upward
PROBE_CHECK PASS backside outside wrong-mask rays miss
PROBE_CHECK PASS accepted art material binds only surface0
PROBE_PHYSICS_SYNCED mode=base replacements=4 assigned_frame=5555 query_frame=5556 stage_body=34393294310 fine_body=34410071527 center=3.5 nonvertex=3.1625
