Godot Engine v4.7.2.stable.mono.official.ed1daf0bf - https://godotengine.org

MAIN_GROUND_IDENTITY build_sha256=a7c79c408d3cce6719b70305690e87da2f935ab609a34f5dbbc27ea9fd5e54fb loaded_mvid=47c8792b-0bf0-433f-ae0d-74e0fff43733 CLR=8.0.31 display=headless
[Yudian] fixture=s_small seed=20261004 facilities=0 robots=0 benchmark=False
MAIN_GROUND_SYNC authority=0 bound=0 verified=0 assigned_frame=0 query_frame=1 rays=4225
MAIN_GROUND_READY robots=12 facilities=1
MAIN_GROUND_SYNC authority=5 bound=5 verified=5 assigned_frame=7 query_frame=8 rays=4225
PLAYER_LOAD_READY version=5 stage= paused=False time=670.7666666666389
BOOTSTRAP_TEST CROSS_PROCESS_SERVICE_RESTORED
BOOTSTRAP_TEST_PROGRESS step=15 stage=Building time=736.2 cargo=0 reason=保障中，原工程、载荷与进度保留
MAIN_GROUND_COMMIT authority=6 bound=6 paused=True
MAIN_GROUND_SYNC authority=6 bound=6 verified=6 assigned_frame=616 query_frame=617 rays=79
BOOTSTRAP_TEST_PROGRESS step=13 stage=Pickup time=802.9 cargo=0 reason=驮运前往着陆器取货
BOOTSTRAP_TEST_PROGRESS step=14 stage=Building time=869.6 cargo=0 reason=保障中，原工程、载荷与进度保留
PLAYER_SAVE_OK version=6 stage= time=877.1666666666272
BOOTSTRAP_TEST_PROGRESS step=15 stage=Building time=936.2 cargo=0 reason=保障中，原工程、载荷与进度保留
PLAYER_SAVE_OK version=6 stage= time=940.6333333332902
MAIN_GROUND_SYNC authority=6 bound=6 verified=6 assigned_frame=2035 query_frame=2036 rays=4225
PLAYER_LOAD_READY version=6 stage= paused=True time=940.6333333332902
PLAYER_SAVE_OK version=6 stage= time=941.0333333332902
PLAYER_SAVE_OK version=6 stage= time=941.0333333332902
MAIN_GROUND_SYNC authority=6 bound=6 verified=6 assigned_frame=2043 query_frame=2044 rays=4225
PLAYER_LOAD_READY version=6 stage= paused=True time=941.0333333332902
LEVEL_JOB_START id=level-1 worker=Robot_Zhulei_3 base=6 station=(19.475, 0.3441453, -8) distance=2.068
LEVEL_JOB_ARRIVED id=level-1 seconds=1.467 position=(19.508268, 0.35818383, -8.188686)
BOOTSTRAP_TEST_PROGRESS step=24 stage= time=1001.6 cargo=0 reason=
PLAYER_SAVE_OK version=6 stage=Working time=1063.0333333333165
MAIN_GROUND_SYNC authority=6 bound=6 verified=6 assigned_frame=2962 query_frame=2963 rays=4225
PLAYER_LOAD_READY version=6 stage=Working paused=False time=1063.0333333333165
BOOTSTRAP_TEST_PROGRESS step=24 stage= time=1067.8 cargo=0 reason=
BOOTSTRAP_TEST_PROGRESS step=24 stage= time=1134.5 cargo=0 reason=
BOOTSTRAP_TEST_PROGRESS step=24 stage= time=1201.2 cargo=0 reason=
PLAYER_SAVE_OK version=6 stage=Working time=1232.1000000001177
MAIN_GROUND_SYNC authority=6 bound=6 verified=6 assigned_frame=4234 query_frame=4235 rays=4225
PLAYER_LOAD_READY version=6 stage=Working paused=True time=1232.1000000001177
MAIN_GROUND_COMMIT authority=7 bound=7 paused=True
LEVEL_JOB_COMMIT id=level-1 status=Committed applied=7 verified=none
MAIN_GROUND_SYNC authority=7 bound=7 verified=7 assigned_frame=4355 query_frame=4356 rays=15
LEVEL_JOB_END id=level-1 stage=Completed base=6 applied=7 current=7 message=整平已提交，物理验证完成
LEVEL_JOB_START id=level-2 worker=Robot_Zhulei_3 base=7 station=(19.475, 0.14529657, -4) distance=3.948
LEVEL_JOB_ARRIVED id=level-2 seconds=2.667 position=(19.481623, 0.15164888, -4.055234)
BOOTSTRAP_TEST_PROGRESS step=24 stage= time=1267.2 cargo=0 reason=
LEVEL_JOB_END id=level-2 stage=Cancelled base=7 applied=none current=7 message=已取消；未改造地形
PLAYER_SAVE_OK version=7 stage=Cancelled time=1294.7666666668342
BOOTSTRAP_TEST PASS cycles=2 built=7 levelReturn=true time=1294.8 elapsed=1294.7 source=a7c79c408d3cce6719b70305690e87da2f935ab609a34f5dbbc27ea9fd5e54fb
