== culture: '' / .NET 10.0.12 ==
PASS golden_literal_guard
PASS null_patch_param_patch
PASS null_patch_even_cancel_no_permission
PASS null_current_param_current
PASS null_both_reports_patch
PASS ready_granted_no_cancel
PASS permission_denied_no_cancel
PASS cancelled_granted
PASS cancelled_beats_no_permission
PASS stale_base_granted_no_cancel
PASS permission_denied_beats_stale_base
PASS cancelled_beats_stale_base_granted
PASS cancelled_beats_stale_base_and_no_permission
PASS no_change_granted_no_cancel
PASS permission_denied_beats_no_change
PASS cancelled_beats_no_change_granted
PASS cancelled_beats_no_change_and_no_permission
PASS version_limit_changed
PASS permission_denied_beats_version_limit
PASS cancelled_beats_version_limit_granted
PASS cancelled_beats_version_limit_and_no_permission
PASS no_change_at_version_limit
PASS stale_region
PASS stale_version
PASS stale_rows
PASS stale_columns
PASS stale_origin_x
PASS stale_origin_z
PASS stale_spacing
PASS stale_same_version_different_heights
PASS no_change_minus_zero_vs_plus_zero
PASS no_change_plus_zero_vs_minus_zero
PASS ready_other_patch_id
PASS no_change_other_patch_id
PASS two_by_four_no_internal_no_change
PASS two_by_four_other_patch_id_still_no_change
PASS two_by_four_codec_rejects_any_change
== culture: 'de-DE' / .NET 10.0.12 ==
PASS golden_literal_guard
PASS null_patch_param_patch
PASS null_patch_even_cancel_no_permission
PASS null_current_param_current
PASS null_both_reports_patch
PASS ready_granted_no_cancel
PASS permission_denied_no_cancel
PASS cancelled_granted
PASS cancelled_beats_no_permission
PASS stale_base_granted_no_cancel
PASS permission_denied_beats_stale_base
PASS cancelled_beats_stale_base_granted
PASS cancelled_beats_stale_base_and_no_permission
PASS no_change_granted_no_cancel
PASS permission_denied_beats_no_change
PASS cancelled_beats_no_change_granted
PASS cancelled_beats_no_change_and_no_permission
PASS version_limit_changed
PASS permission_denied_beats_version_limit
PASS cancelled_beats_version_limit_granted
PASS cancelled_beats_version_limit_and_no_permission
PASS no_change_at_version_limit
PASS stale_region
PASS stale_version
PASS stale_rows
PASS stale_columns
PASS stale_origin_x
PASS stale_origin_z
PASS stale_spacing
PASS stale_same_version_different_heights
PASS no_change_minus_zero_vs_plus_zero
PASS no_change_plus_zero_vs_minus_zero
PASS ready_other_patch_id
PASS no_change_other_patch_id
PASS two_by_four_no_internal_no_change
PASS two_by_four_other_patch_id_still_no_change
PASS two_by_four_codec_rejects_any_change
checks run: 74, failed: 0
ALL CHECKS PASSED
